Archive member included to satisfy reference by file (symbol)

c:/progra~1/microc~1/xc32/v4.60/bin/bin/../../lib/gcc/pic32c/8.3.1/../../../../pic32c/lib/thumb/v7e-m+dp/hard\libpic32c.a(data_init.o)
                              CMakeFiles/USBTest_default_default_XC32_compile.dir/D_/MV_PIC32CZ_Git/TestProjects/My_MCC_Config/src/config/default/startup_xc32.c.o (__pic32c_data_initialization)
c:/progra~1/microc~1/xc32/v4.60/bin/bin/../../lib/gcc/pic32c/8.3.1/../../../../pic32c/lib/thumb/v7e-m+dp/hard\libc-size-musl.a(memcpy.o)
                              CMakeFiles/USBTest_default_default_XC32_compile.dir/D_/MV_PIC32CZ_Git/TestProjects/My_MCC_Config/src/config/default/usb/src/usb_device.c.o (memcpy)
c:/progra~1/microc~1/xc32/v4.60/bin/bin/../../lib/gcc/pic32c/8.3.1/../../../../pic32c/lib/thumb/v7e-m+dp/hard\libc-size-musl.a(memset.o)
                              CMakeFiles/USBTest_default_default_XC32_compile.dir/D_/MV_PIC32CZ_Git/TestProjects/My_MCC_Config/src/config/default/system/time/src/sys_time.c.o (memset)
c:/progra~1/microc~1/xc32/v4.60/bin/bin/../../lib/gcc/pic32c/8.3.1/../../../../pic32c/lib/thumb/v7e-m+dp/hard\libg-musl.a(__libc_start_main.o)
                              CMakeFiles/USBTest_default_default_XC32_compile.dir/D_/MV_PIC32CZ_Git/TestProjects/My_MCC_Config/src/config/default/startup_xc32.c.o (__libc_init_array)
c:/progra~1/microc~1/xc32/v4.60/bin/bin/../../lib/gcc/pic32c/8.3.1/../../../../pic32c/lib/thumb/v7e-m+dp/hard\libg-musl.a(libc.o)
                              c:/progra~1/microc~1/xc32/v4.60/bin/bin/../../lib/gcc/pic32c/8.3.1/../../../../pic32c/lib/thumb/v7e-m+dp/hard\libg-musl.a(__libc_start_main.o) (__progname_full)
c:/progra~1/microc~1/xc32/v4.60/bin/bin/../../lib/gcc/pic32c/8.3.1/../../../../pic32c/lib/thumb/v7e-m+dp/hard\libg-musl.a(__environ.o)
                              c:/progra~1/microc~1/xc32/v4.60/bin/bin/../../lib/gcc/pic32c/8.3.1/../../../../pic32c/lib/thumb/v7e-m+dp/hard\libg-musl.a(__libc_start_main.o) (__environ)
c:/progra~1/microc~1/xc32/v4.60/bin/bin/../../lib/gcc/pic32c/8.3.1/thumb/v7e-m+dp/hard\libgcc.a(_aeabi_uldivmod.o)
                              CMakeFiles/USBTest_default_default_XC32_compile.dir/D_/MV_PIC32CZ_Git/TestProjects/My_MCC_Config/src/config/default/system/time/src/sys_time.c.o (__aeabi_uldivmod)
c:/progra~1/microc~1/xc32/v4.60/bin/bin/../../lib/gcc/pic32c/8.3.1/thumb/v7e-m+dp/hard\libgcc.a(_udivmoddi4.o)
                              c:/progra~1/microc~1/xc32/v4.60/bin/bin/../../lib/gcc/pic32c/8.3.1/thumb/v7e-m+dp/hard\libgcc.a(_aeabi_uldivmod.o) (__udivmoddi4)
c:/progra~1/microc~1/xc32/v4.60/bin/bin/../../lib/gcc/pic32c/8.3.1/thumb/v7e-m+dp/hard\libgcc.a(_dvmd_tls.o)
                              c:/progra~1/microc~1/xc32/v4.60/bin/bin/../../lib/gcc/pic32c/8.3.1/thumb/v7e-m+dp/hard\libgcc.a(_aeabi_uldivmod.o) (__aeabi_ldiv0)

Allocating common symbols
Common symbol       size              file

transmitDataBuffer  0x200             CMakeFiles/USBTest_default_default_XC32_compile.dir/D_/MV_PIC32CZ_Git/TestProjects/My_MCC_Config/src/app.c.o
appData             0x28              CMakeFiles/USBTest_default_default_XC32_compile.dir/D_/MV_PIC32CZ_Git/TestProjects/My_MCC_Config/src/app.c.o
xAPP_Tasks          0x4               CMakeFiles/USBTest_default_default_XC32_compile.dir/D_/MV_PIC32CZ_Git/TestProjects/My_MCC_Config/src/config/default/tasks.c.o
sysObj              0xc               CMakeFiles/USBTest_default_default_XC32_compile.dir/D_/MV_PIC32CZ_Git/TestProjects/My_MCC_Config/src/config/default/initialization.c.o
gDrvUSBHSObj        0x11c             CMakeFiles/USBTest_default_default_XC32_compile.dir/D_/MV_PIC32CZ_Git/TestProjects/My_MCC_Config/src/config/default/driver/usb/usbhs/src/drv_usbhs.c.o
receivedDataBuffer  0x200             CMakeFiles/USBTest_default_default_XC32_compile.dir/D_/MV_PIC32CZ_Git/TestProjects/My_MCC_Config/src/app.c.o
c:/progra~1/microc~1/xc32/v4.60/bin/bin/../../lib/gcc/pic32c/8.3.1/../../../../pic32c/lib/thumb/v7e-m+dp/hard\libpic32c.a(pic32_data_init_clear.o)
                              (__dinit_clear_needed)
c:/progra~1/microc~1/xc32/v4.60/bin/bin/../../lib/gcc/pic32c/8.3.1/../../../../pic32c/lib/thumb/v7e-m+dp/hard\libpic32c.a(pic32_data_init_copy.o)
                              (__dinit_copy_needed)

Microchip PIC32 Memory-Usage Report

ROM Program-Memory Usage
section                    address  length [bytes]      (dec)  Description
-------                 ----------  -------------------------  -----------
.text                    0xc000000           0x20          32  App's exec code 
.text.F_DRV_USBHS_DEVIC  0xc000020          0x5d0        1488   
.dinit                   0xc0005f0          0x580        1408   
.text.DRV_USBHS_DEVICE_  0xc000b70          0x368         872   
.text.DRV_USBHS_DEVICE_  0xc000ed8          0x2c4         708   
.text.DRV_USBHS_Tasks    0xc00119c          0x298         664   
.text.F_DRV_USBHS_Proce  0xc001434          0x258         600   
[...]
Memory Configuration

Name             Origin             Length             Attributes
boot_rom         0x0000000008000000 0x0000000000020000 xrl
rom              0x000000000c000000 0x0000000000800000 xrl
ram              0x0000000020020000 0x0000000000100000 xw !r
itcm             0x0000000000000000 0x0000000000020000 xw
dtcm             0x0000000020000000 0x0000000000020000 xw !r
config_0A000000  0x000000000a000000 0x0000000000000004
config_0A000020  0x000000000a000020 0x0000000000000004
config_0A000040  0x000000000a000040 0x0000000000000004
config_0A000044  0x000000000a000044 0x0000000000000004
config_0A000048  0x000000000a000048 0x0000000000000004
config_0A00004C  0x000000000a00004c 0x0000000000000004
config_0A000054  0x000000000a000054 0x0000000000000004
config_0A000058  0x000000000a000058 0x0000000000000004
config_0A00005C  0x000000000a00005c 0x0000000000000004
config_0A000060  0x000000000a000060 0x0000000000000004
config_0A000064  0x000000000a000064 0x0000000000000004
config_0A000080  0x000000000a000080 0x0000000000000004
config_0A0000A0  0x000000000a0000a0 0x0000000000000004
config_0A002000  0x000000000a002000 0x0000000000000004
config_0A002004  0x000000000a002004 0x0000000000000004
config_0A002008  0x000000000a002008 0x0000000000000004
config_0A002080  0x000000000a002080 0x0000000000000004
config_0A002084  0x000000000a002084 0x0000000000000004
config_0A002088  0x000000000a002088 0x0000000000000004
config_0A00208C  0x000000000a00208c 0x0000000000000004
config_0A002090  0x000000000a002090 0x0000000000000004
config_0A002094  0x000000000a002094 0x0000000000000004
config_0A002098  0x000000000a002098 0x0000000000000004
config_0A00209C  0x000000000a00209c 0x0000000000000004
config_0A0020A0  0x000000000a0020a0 0x0000000000000004
config_0A0020A4  0x000000000a0020a4 0x0000000000000004
config_0A0020A8  0x000000000a0020a8 0x0000000000000004
config_0A0020AC  0x000000000a0020ac 0x0000000000000004
config_0A0020B0  0x000000000a0020b0 0x0000000000000004
config_0A0020B4  0x000000000a0020b4 0x0000000000000004
config_0A0020B8  0x000000000a0020b8 0x0000000000000004
config_0A0020BC  0x000000000a0020bc 0x0000000000000004
config_0A0020C0  0x000000000a0020c0 0x0000000000000004
config_0A0020C4  0x000000000a0020c4 0x0000000000000004
config_0A0020C8  0x000000000a0020c8 0x0000000000000004
config_0A0020CC  0x000000000a0020cc 0x0000000000000004
config_0A0020D0  0x000000000a0020d0 0x0000000000000004
config_0A0020D4  0x000000000a0020d4 0x0000000000000004
config_0A0020D8  0x000000000a0020d8 0x0000000000000004
config_0A0020DC  0x000000000a0020dc 0x0000000000000004
config_0A0020E0  0x000000000a0020e0 0x0000000000000004
config_0A0020E4  0x000000000a0020e4 0x0000000000000004
config_0A0020E8  0x000000000a0020e8 0x0000000000000004
config_0A0020EC  0x000000000a0020ec 0x0000000000000004
config_0A0020F0  0x000000000a0020f0 0x0000000000000004
config_0A0020F4  0x000000000a0020f4 0x0000000000000004
config_0A0020F8  0x000000000a0020f8 0x0000000000000004
config_0A0020FC  0x000000000a0020fc 0x0000000000000004
config_0A002100  0x000000000a002100 0x0000000000000004
config_0A002110  0x000000000a002110 0x0000000000000004
config_0A002114  0x000000000a002114 0x0000000000000004
config_0A002118  0x000000000a002118 0x0000000000000004
config_0A00211C  0x000000000a00211c 0x0000000000000004
config_0A002120  0x000000000a002120 0x0000000000000004
config_0A008000  0x000000000a008000 0x0000000000000004
config_0A008020  0x000000000a008020 0x0000000000000004
config_0A008040  0x000000000a008040 0x0000000000000004
config_0A008044  0x000000000a008044 0x0000000000000004
config_0A008048  0x000000000a008048 0x0000000000000004
config_0A00804C  0x000000000a00804c 0x0000000000000004
config_0A008054  0x000000000a008054 0x0000000000000004
config_0A008058  0x000000000a008058 0x0000000000000004
config_0A00805C  0x000000000a00805c 0x0000000000000004
config_0A008060  0x000000000a008060 0x0000000000000004
config_0A008064  0x000000000a008064 0x0000000000000004
config_0A008080  0x000000000a008080 0x0000000000000004
config_0A0080A0  0x000000000a0080a0 0x0000000000000004
config_0A00A000  0x000000000a00a000 0x0000000000000004
config_0A00A004  0x000000000a00a004 0x0000000000000004
config_0A00A008  0x000000000a00a008 0x0000000000000004
config_0A00A080  0x000000000a00a080 0x0000000000000004
config_0A00A084  0x000000000a00a084 0x0000000000000004
config_0A00A088  0x000000000a00a088 0x0000000000000004
config_0A00A08C  0x000000000a00a08c 0x0000000000000004
config_0A00A090  0x000000000a00a090 0x0000000000000004
config_0A00A094  0x000000000a00a094 0x0000000000000004
config_0A00A098  0x000000000a00a098 0x0000000000000004
config_0A00A09C  0x000000000a00a09c 0x0000000000000004
config_0A00A0A0  0x000000000a00a0a0 0x0000000000000004
config_0A00A0A4  0x000000000a00a0a4 0x0000000000000004
config_0A00A0A8  0x000000000a00a0a8 0x0000000000000004
config_0A00A0AC  0x000000000a00a0ac 0x0000000000000004
config_0A00A0B0  0x000000000a00a0b0 0x0000000000000004
config_0A00A0B4  0x000000000a00a0b4 0x0000000000000004
config_0A00A0B8  0x000000000a00a0b8 0x0000000000000004
config_0A00A0BC  0x000000000a00a0bc 0x0000000000000004
config_0A00A0C0  0x000000000a00a0c0 0x0000000000000004
config_0A00A0C4  0x000000000a00a0c4 0x0000000000000004
config_0A00A0C8  0x000000000a00a0c8 0x0000000000000004
config_0A00A0CC  0x000000000a00a0cc 0x0000000000000004
config_0A00A0D0  0x000000000a00a0d0 0x0000000000000004
config_0A00A0D4  0x000000000a00a0d4 0x0000000000000004
config_0A00A0D8  0x000000000a00a0d8 0x0000000000000004
config_0A00A0DC  0x000000000a00a0dc 0x0000000000000004
config_0A00A0E0  0x000000000a00a0e0 0x0000000000000004
config_0A00A0E4  0x000000000a00a0e4 0x0000000000000004
config_0A00A0E8  0x000000000a00a0e8 0x0000000000000004
config_0A00A0EC  0x000000000a00a0ec 0x0000000000000004
config_0A00A0F0  0x000000000a00a0f0 0x0000000000000004
config_0A00A0F4  0x000000000a00a0f4 0x0000000000000004
config_0A00A0F8  0x000000000a00a0f8 0x0000000000000004
config_0A00A0FC  0x000000000a00a0fc 0x0000000000000004
config_0A00A100  0x000000000a00a100 0x0000000000000004
config_0A00A110  0x000000000a00a110 0x0000000000000004
config_0A00A114  0x000000000a00a114 0x0000000000000004
config_0A00A118  0x000000000a00a118 0x0000000000000004
config_0A00A11C  0x000000000a00a11c 0x0000000000000004
config_0A00A120  0x000000000a00a120 0x0000000000000004
*default*        0x0000000000000000 0xffffffffffffffff

Linker script and memory map

LOAD c:/progra~1/microc~1/xc32/v4.60/bin/bin/../../lib/gcc/pic32c/8.3.1/thumb/v7e-m+dp/hard/crti.o
LOAD c:/progra~1/microc~1/xc32/v4.60/bin/bin/../../lib/gcc/pic32c/8.3.1/thumb/v7e-m+dp/hard/crtbegin.o
                0x0000000000000001                __MPLAB_BUILD = 0x1
                0x000000000c800000                __rom_end = (ORIGIN (rom) + LENGTH (rom))
                0x0000000020120000                __ram_end = (ORIGIN (ram) + LENGTH (ram))

.config_0A000000
 *(.config_0A000000)

.config_0A000020
 *(.config_0A000020)

.config_0A000040
 *(.config_0A000040)

.config_0A000044
 *(.config_0A000044)

.config_0A000048
 *(.config_0A000048)

.config_0A00004C
 *(.config_0A00004C)

.config_0A000054
 *(.config_0A000054)

.config_0A000058
 *(.config_0A000058)

.config_0A00005C
 *(.config_0A00005C)

.config_0A000060
 *(.config_0A000060)

.config_0A000064
 *(.config_0A000064)

.config_0A000080
 *(.config_0A000080)

.config_0A0000A0
 *(.config_0A0000A0)

.config_0A002000
 *(.config_0A002000)

.config_0A002004
 *(.config_0A002004)

.config_0A002008
 *(.config_0A002008)

.config_0A002080
 *(.config_0A002080)

.config_0A002084
 *(.config_0A002084)

.config_0A002088
 *(.config_0A002088)

.config_0A00208C
 *(.config_0A00208C)

.config_0A002090
 *(.config_0A002090)

.config_0A002094
 *(.config_0A002094)

.config_0A002098
 *(.config_0A002098)

.config_0A00209C
 *(.config_0A00209C)

.config_0A0020A0
 *(.config_0A0020A0)

.config_0A0020A4
 *(.config_0A0020A4)

.config_0A0020A8
 *(.config_0A0020A8)

.config_0A0020AC
 *(.config_0A0020AC)

.config_0A0020B0
 *(.config_0A0020B0)

.config_0A0020B4
 *(.config_0A0020B4)

.config_0A0020B8
 *(.config_0A0020B8)

.config_0A0020BC
 *(.config_0A0020BC)

.config_0A0020C0
 *(.config_0A0020C0)

.config_0A0020C4
 *(.config_0A0020C4)

.config_0A0020C8
 *(.config_0A0020C8)

.config_0A0020CC
 *(.config_0A0020CC)

.config_0A0020D0
 *(.config_0A0020D0)

.config_0A0020D4
 *(.config_0A0020D4)

.config_0A0020D8
 *(.config_0A0020D8)

.config_0A0020DC
 *(.config_0A0020DC)

.config_0A0020E0
 *(.config_0A0020E0)

.config_0A0020E4
 *(.config_0A0020E4)

.config_0A0020E8
 *(.config_0A0020E8)

.config_0A0020EC
 *(.config_0A0020EC)

.config_0A0020F0
 *(.config_0A0020F0)

.config_0A0020F4
 *(.config_0A0020F4)

.config_0A0020F8
 *(.config_0A0020F8)

.config_0A0020FC
 *(.config_0A0020FC)

.config_0A002100
 *(.config_0A002100)

.config_0A002110
 *(.config_0A002110)

.config_0A002114
 *(.config_0A002114)

.config_0A002118
 *(.config_0A002118)

.config_0A00211C
 *(.config_0A00211C)

.config_0A002120
 *(.config_0A002120)

.config_0A008000
 *(.config_0A008000)

.config_0A008020
 *(.config_0A008020)

.config_0A008040
 *(.config_0A008040)

.config_0A008044
 *(.config_0A008044)

.config_0A008048
 *(.config_0A008048)

.config_0A00804C
 *(.config_0A00804C)

.config_0A008054
 *(.config_0A008054)

.config_0A008058
 *(.config_0A008058)

.config_0A00805C
 *(.config_0A00805C)

.config_0A008060
 *(.config_0A008060)

.config_0A008064
 *(.config_0A008064)

.config_0A008080
 *(.config_0A008080)

.config_0A0080A0
 *(.config_0A0080A0)

.config_0A00A000
 *(.config_0A00A000)

.config_0A00A004
 *(.config_0A00A004)

.config_0A00A008
 *(.config_0A00A008)

.config_0A00A080
 *(.config_0A00A080)

.config_0A00A084
 *(.config_0A00A084)

.config_0A00A088
 *(.config_0A00A088)

.config_0A00A08C
 *(.config_0A00A08C)

.config_0A00A090
 *(.config_0A00A090)

.config_0A00A094
 *(.config_0A00A094)

.config_0A00A098
 *(.config_0A00A098)

.config_0A00A09C
 *(.config_0A00A09C)

.config_0A00A0A0
 *(.config_0A00A0A0)

.config_0A00A0A4
 *(.config_0A00A0A4)

.config_0A00A0A8
 *(.config_0A00A0A8)

.config_0A00A0AC
 *(.config_0A00A0AC)

.config_0A00A0B0
 *(.config_0A00A0B0)

.config_0A00A0B4
 *(.config_0A00A0B4)

.config_0A00A0B8
 *(.config_0A00A0B8)

.config_0A00A0BC
 *(.config_0A00A0BC)

.config_0A00A0C0
 *(.config_0A00A0C0)

.config_0A00A0C4
 *(.config_0A00A0C4)

.config_0A00A0C8
 *(.config_0A00A0C8)

.config_0A00A0CC
 *(.config_0A00A0CC)

.config_0A00A0D0
 *(.config_0A00A0D0)

.config_0A00A0D4
 *(.config_0A00A0D4)

.config_0A00A0D8
 *(.config_0A00A0D8)

.config_0A00A0DC
 *(.config_0A00A0DC)

.config_0A00A0E0
 *(.config_0A00A0E0)

.config_0A00A0E4
 *(.config_0A00A0E4)

.config_0A00A0E8
 *(.config_0A00A0E8)

.config_0A00A0EC
 *(.config_0A00A0EC)

.config_0A00A0F0
 *(.config_0A00A0F0)

.config_0A00A0F4
 *(.config_0A00A0F4)

.config_0A00A0F8
 *(.config_0A00A0F8)

.config_0A00A0FC
 *(.config_0A00A0FC)

.config_0A00A100
 *(.config_0A00A100)

.config_0A00A110
 *(.config_0A00A110)

.config_0A00A114
 *(.config_0A00A114)

.config_0A00A118
 *(.config_0A00A118)

.config_0A00A11C
 *(.config_0A00A11C)

.config_0A00A120
 *(.config_0A00A120)

.vectors        0x0000000008000000      0x3b8
                0x0000000008000000                . = ALIGN (0x4)
                0x0000000008000000                _sfixed = .
 *(.vectors .vectors.* .vectors_default .vectors_default.*)
 .vectors.exception_table
                0x0000000008000000      0x3b8 CMakeFiles/USBTest_default_default_XC32_compile.dir/D_/MV_PIC32CZ_Git/TestProjects/My_MCC_Config/src/config/default/interrupts.c.o
                0x0000000008000000                exception_table
 *(.isr_vector)
 *(.reset*)
 *(.after_vectors)

.text           0x000000000c000000       0x20
                0x000000000c000000                . = ALIGN (0x4)
 *(.glue_7t)
 .glue_7t       0x000000000c000000        0x0 linker stubs
 *(.glue_7)
 .glue_7        0x000000000c000000        0x0 linker stubs
 *(.gnu.linkonce.r.*)
 *(.ARM.extab* .gnu.linkonce.armextab.*)
                0x000000000c000000                . = ALIGN (0x4)
 *(.init)
 .init          0x000000000c000000        0x4 c:/progra~1/microc~1/xc32/v4.60/bin/bin/../../lib/gcc/pic32c/8.3.1/thumb/v7e-m+dp/hard/crti.o
                0x000000000c000000                _init
 .init          0x000000000c000004        0x8 c:/progra~1/microc~1/xc32/v4.60/bin/bin/../../lib/gcc/pic32c/8.3.1/thumb/v7e-m+dp/hard/crtn.o
                0x000000000c00000c                . = ALIGN (0x4)
                0x000000000c00000c                __preinit_array_start = .
 *(.preinit_array)
                0x000000000c00000c                __preinit_array_end = .
                0x000000000c00000c                . = ALIGN (0x4)
                0x000000000c00000c                __init_array_start = .
 *(SORT_BY_NAME(.init_array.*))
 *(.init_array)
 .init_array    0x000000000c00000c        0x4 c:/progra~1/microc~1/xc32/v4.60/bin/bin/../../lib/gcc/pic32c/8.3.1/thumb/v7e-m+dp/hard/crtbegin.o
                0x000000000c000010                __init_array_end = .
                0x000000000c000010                . = ALIGN (0x4)
 *crtbegin.o(.ctors)
 *(EXCLUDE_FILE(*crtend.o) .ctors)
 *(SORT_BY_NAME(.ctors.*))
 *crtend.o(.ctors)
                0x000000000c000010                . = ALIGN (0x4)
 *(.fini)
 .fini          0x000000000c000010        0x4 c:/progra~1/microc~1/xc32/v4.60/bin/bin/../../lib/gcc/pic32c/8.3.1/thumb/v7e-m+dp/hard/crti.o
                0x000000000c000010                _fini
 .fini          0x000000000c000014        0x8 c:/progra~1/microc~1/xc32/v4.60/bin/bin/../../lib/gcc/pic32c/8.3.1/thumb/v7e-m+dp/hard/crtn.o
                0x000000000c00001c                . = ALIGN (0x4)
                0x000000000c00001c                __fini_array_start = .
 *(.fini_array)
 .fini_array    0x000000000c00001c        0x4 c:/progra~1/microc~1/xc32/v4.60/bin/bin/../../lib/gcc/pic32c/8.3.1/thumb/v7e-m+dp/hard/crtbegin.o
 *(SORT_BY_NAME(.fini_array.*))
                0x000000000c000020                __fini_array_end = .
 *crtbegin.o(.dtors)
 *(EXCLUDE_FILE(*crtend.o) .dtors)
 *(SORT_BY_NAME(.dtors.*))
 *crtend.o(.dtors)
                0x000000000c000020                . = ALIGN (0x4)
                0x000000000c000020                _efixed = .
                [!provide]                        PROVIDE (__exidx_start = .)

.ARM.exidx
 *(.ARM.exidx* .gnu.linkonce.armexidx.*)
                [!provide]                        PROVIDE (__exidx_end = .)
                0x000000000c000020                . = ALIGN (0x4)
                0x000000000c000020                _etext = .

.bss            0x0000000020020000      0x56c
                0x0000000020020000                . = ALIGN (0x4)
                0x0000000020020000                __bss_start__ = .
                0x0000000020020000                _sbss = .
                0x0000000020020000                _szero = .
 *(COMMON)
 COMMON         0x0000000020020000      0x440 CMakeFiles/USBTest_default_default_XC32_compile.dir/D_/MV_PIC32CZ_Git/TestProjects/My_MCC_Config/src/app.c.o
                0x0000000020020000                transmitDataBuffer
                0x0000000020020200                appData
                0x0000000020020240                receivedDataBuffer
 COMMON         0x0000000020020440      0x11c CMakeFiles/USBTest_default_default_XC32_compile.dir/D_/MV_PIC32CZ_Git/TestProjects/My_MCC_Config/src/config/default/driver/usb/usbhs/src/drv_usbhs.c.o
                0x0000000020020440                gDrvUSBHSObj
 COMMON         0x000000002002055c        0xc CMakeFiles/USBTest_default_default_XC32_compile.dir/D_/MV_PIC32CZ_Git/TestProjects/My_MCC_Config/src/config/default/initialization.c.o
                0x000000002002055c                sysObj
 COMMON         0x0000000020020568        0x4 CMakeFiles/USBTest_default_default_XC32_compile.dir/D_/MV_PIC32CZ_Git/TestProjects/My_MCC_Config/src/config/default/tasks.c.o
                0x0000000020020568                xAPP_Tasks
                0x000000002002056c                . = ALIGN (0x4)
                0x000000002002056c                __bss_end__ = .
                0x000000002002056c                _ebss = .
                0x000000002002056c                _ezero = .
                0x000000002002056c                . = ALIGN (0x4)
                0x000000002002056c                _end = .
                0x000000002011ffff                _ram_end_ = ((ORIGIN (ram) + LENGTH (ram)) - 0x1)
                0x0000000000000001                __MPLAB_DEBUG = 0x1
                0x0000000000000001                __DEBUG = 0x1
                0x0000000000000200                _min_heap_size = 0x200
LOAD CMakeFiles/USBTest_default_default_XC32_compile.dir/D_/MV_PIC32CZ_Git/TestProjects/My_MCC_Config/src/app.c.o
LOAD CMakeFiles/USBTest_default_default_XC32_compile.dir/D_/MV_PIC32CZ_Git/TestProjects/My_MCC_Config/src/config/default/driver/usb/usbhs/src/drv_usbhs.c.o
LOAD CMakeFiles/USBTest_default_default_XC32_compile.dir/D_/MV_PIC32CZ_Git/TestProjects/My_MCC_Config/src/config/default/driver/usb/usbhs/src/drv_usbhs_device.c.o
LOAD CMakeFiles/USBTest_default_default_XC32_compile.dir/D_/MV_PIC32CZ_Git/TestProjects/My_MCC_Config/src/config/default/exceptions.c.o
LOAD CMakeFiles/USBTest_default_default_XC32_compile.dir/D_/MV_PIC32CZ_Git/TestProjects/My_MCC_Config/src/config/default/freertos_hooks.c.o
LOAD CMakeFiles/USBTest_default_default_XC32_compile.dir/D_/MV_PIC32CZ_Git/TestProjects/My_MCC_Config/src/config/default/initialization.c.o
LOAD CMakeFiles/USBTest_default_default_XC32_compile.dir/D_/MV_PIC32CZ_Git/TestProjects/My_MCC_Config/src/config/default/interrupts.c.o
LOAD CMakeFiles/USBTest_default_default_XC32_compile.dir/D_/MV_PIC32CZ_Git/TestProjects/My_MCC_Config/src/config/default/libc_syscalls.c.o
LOAD CMakeFiles/USBTest_default_default_XC32_compile.dir/D_/MV_PIC32CZ_Git/TestProjects/My_MCC_Config/src/config/default/osal/osal_freertos.c.o
LOAD CMakeFiles/USBTest_default_default_XC32_compile.dir/D_/MV_PIC32CZ_Git/TestProjects/My_MCC_Config/src/config/default/peripheral/clock/plib_clock.c.o
LOAD CMakeFiles/USBTest_default_default_XC32_compile.dir/D_/MV_PIC32CZ_Git/TestProjects/My_MCC_Config/src/config/default/peripheral/evsys/plib_evsys.c.o
LOAD CMakeFiles/USBTest_default_default_XC32_compile.dir/D_/MV_PIC32CZ_Git/TestProjects/My_MCC_Config/src/config/default/peripheral/nvic/plib_nvic.c.o
LOAD CMakeFiles/USBTest_default_default_XC32_compile.dir/D_/MV_PIC32CZ_Git/TestProjects/My_MCC_Config/src/config/default/peripheral/port/plib_port.c.o
LOAD CMakeFiles/USBTest_default_default_XC32_compile.dir/D_/MV_PIC32CZ_Git/TestProjects/My_MCC_Config/src/config/default/peripheral/rtc/plib_rtc_timer.c.o
LOAD CMakeFiles/USBTest_default_default_XC32_compile.dir/D_/MV_PIC32CZ_Git/TestProjects/My_MCC_Config/src/config/default/startup_xc32.c.o
LOAD CMakeFiles/USBTest_default_default_XC32_compile.dir/D_/MV_PIC32CZ_Git/TestProjects/My_MCC_Config/src/config/default/stdio/xc32_monitor.c.o
LOAD CMakeFiles/USBTest_default_default_XC32_compile.dir/D_/MV_PIC32CZ_Git/TestProjects/My_MCC_Config/src/config/default/system/cache/sys_cache.c.o
LOAD CMakeFiles/USBTest_default_default_XC32_compile.dir/D_/MV_PIC32CZ_Git/TestProjects/My_MCC_Config/src/config/default/system/int/src/sys_int.c.o
LOAD CMakeFiles/USBTest_default_default_XC32_compile.dir/D_/MV_PIC32CZ_Git/TestProjects/My_MCC_Config/src/config/default/system/time/src/sys_time.c.o
LOAD CMakeFiles/USBTest_default_default_XC32_compile.dir/D_/MV_PIC32CZ_Git/TestProjects/My_MCC_Config/src/config/default/tasks.c.o
LOAD CMakeFiles/USBTest_default_default_XC32_compile.dir/D_/MV_PIC32CZ_Git/TestProjects/My_MCC_Config/src/config/default/usb/src/usb_device.c.o
LOAD CMakeFiles/USBTest_default_default_XC32_compile.dir/D_/MV_PIC32CZ_Git/TestProjects/My_MCC_Config/src/config/default/usb/src/usb_device_endpoint_functions.c.o
LOAD CMakeFiles/USBTest_default_default_XC32_compile.dir/D_/MV_PIC32CZ_Git/TestProjects/My_MCC_Config/src/config/default/usb_device_init_data_0.c.o
LOAD CMakeFiles/USBTest_default_default_XC32_compile.dir/D_/MV_PIC32CZ_Git/TestProjects/My_MCC_Config/src/main.c.o
LOAD CMakeFiles/USBTest_default_default_XC32_compile.dir/D_/MV_PIC32CZ_Git/TestProjects/My_MCC_Config/src/third_party/rtos/FreeRTOS/Source/FreeRTOS_tasks.c.o
LOAD CMakeFiles/USBTest_default_default_XC32_compile.dir/D_/MV_PIC32CZ_Git/TestProjects/My_MCC_Config/src/third_party/rtos/FreeRTOS/Source/croutine.c.o
LOAD CMakeFiles/USBTest_default_default_XC32_compile.dir/D_/MV_PIC32CZ_Git/TestProjects/My_MCC_Config/src/third_party/rtos/FreeRTOS/Source/event_groups.c.o
LOAD CMakeFiles/USBTest_default_default_XC32_compile.dir/D_/MV_PIC32CZ_Git/TestProjects/My_MCC_Config/src/third_party/rtos/FreeRTOS/Source/list.c.o
LOAD CMakeFiles/USBTest_default_default_XC32_compile.dir/D_/MV_PIC32CZ_Git/TestProjects/My_MCC_Config/src/third_party/rtos/FreeRTOS/Source/portable/GCC/SAM/CM7/port.c.o
LOAD CMakeFiles/USBTest_default_default_XC32_compile.dir/D_/MV_PIC32CZ_Git/TestProjects/My_MCC_Config/src/third_party/rtos/FreeRTOS/Source/portable/MemMang/heap_1.c.o
LOAD CMakeFiles/USBTest_default_default_XC32_compile.dir/D_/MV_PIC32CZ_Git/TestProjects/My_MCC_Config/src/third_party/rtos/FreeRTOS/Source/queue.c.o
LOAD CMakeFiles/USBTest_default_default_XC32_compile.dir/D_/MV_PIC32CZ_Git/TestProjects/My_MCC_Config/src/third_party/rtos/FreeRTOS/Source/stream_buffer.c.o
LOAD CMakeFiles/USBTest_default_default_XC32_compile.dir/D_/MV_PIC32CZ_Git/TestProjects/My_MCC_Config/src/third_party/rtos/FreeRTOS/Source/timers.c.o
START GROUP
LOAD c:/progra~1/microc~1/xc32/v4.60/bin/bin/../../lib/gcc/pic32c/8.3.1/../../../../pic32c/lib/thumb/v7e-m+dp/hard\libpic32c.a
LOAD c:/progra~1/microc~1/xc32/v4.60/bin/bin/../../lib/gcc/pic32c/8.3.1/../../../../pic32c/lib/thumb/v7e-m+dp/hard\libc-size-musl.a
LOAD c:/progra~1/microc~1/xc32/v4.60/bin/bin/../../lib/gcc/pic32c/8.3.1/../../../../pic32c/lib/thumb/v7e-m+dp/hard\liblmalloc-musl.a
LOAD c:/progra~1/microc~1/xc32/v4.60/bin/bin/../../lib/gcc/pic32c/8.3.1/../../../../pic32c/lib/thumb/v7e-m+dp/hard\libm-fast-emfloat.a
LOAD c:/progra~1/microc~1/xc32/v4.60/bin/bin/../../lib/gcc/pic32c/8.3.1/../../../../pic32c/lib/thumb/v7e-m+dp/hard\libm-musl.a
LOAD c:/progra~1/microc~1/xc32/v4.60/bin/bin/../../lib/gcc/pic32c/8.3.1/../../../../pic32c/lib/thumb/v7e-m+dp/hard\libg-musl.a
LOAD c:/progra~1/microc~1/xc32/v4.60/bin/bin/../../lib/gcc/pic32c/8.3.1/../../../../pic32c/lib/thumb/v7e-m+dp/hard\libc-musl.a
LOAD c:/progra~1/microc~1/xc32/v4.60/bin/bin/../../lib/gcc/pic32c/8.3.1/../../../../pic32c/lib/thumb/v7e-m+dp/hard\libm-fast-emfloat.a
LOAD c:/progra~1/microc~1/xc32/v4.60/bin/bin/../../lib/gcc/pic32c/8.3.1/../../../../pic32c/lib/thumb/v7e-m+dp/hard\libm-musl.a
LOAD c:/progra~1/microc~1/xc32/v4.60/bin/bin/../../lib/gcc/pic32c/8.3.1/thumb/v7e-m+dp/hard\libgcc.a
END GROUP
LOAD c:/progra~1/microc~1/xc32/v4.60/bin/bin/../../lib/gcc/pic32c/8.3.1/thumb/v7e-m+dp/hard/crtend.o
LOAD c:/progra~1/microc~1/xc32/v4.60/bin/bin/../../lib/gcc/pic32c/8.3.1/thumb/v7e-m+dp/hard/crtn.o
OUTPUT(default.elf elf32-littlearm)
LOAD data_init
LOAD stack

.ARM.attributes
                0x0000000000000000       0x32
 .ARM.attributes
                0x0000000000000000       0x1e c:/progra~1/microc~1/xc32/v4.60/bin/bin/../../lib/gcc/pic32c/8.3.1/thumb/v7e-m+dp/hard/crti.o
 .ARM.attributes
                0x000000000000001e       0x32 c:/progra~1/microc~1/xc32/v4.60/bin/bin/../../lib/gcc/pic32c/8.3.1/thumb/v7e-m+dp/hard/crtbegin.o
 .ARM.attributes
                0x0000000000000050       0x32 CMakeFiles/USBTest_default_default_XC32_compile.dir/D_/MV_PIC32CZ_Git/TestProjects/My_MCC_Config/src/app.c.o
 .ARM.attributes
                0x0000000000000082       0x32 CMakeFiles/USBTest_default_default_XC32_compile.dir/D_/MV_PIC32CZ_Git/TestProjects/My_MCC_Config/src/config/default/driver/usb/usbhs/src/drv_usbhs.c.o
 .ARM.attributes
                0x00000000000000b4       0x32 CMakeFiles/USBTest_default_default_XC32_compile.dir/D_/MV_PIC32CZ_Git/TestProjects/My_MCC_Config/src/config/default/driver/usb/usbhs/src/drv_usbhs_device.c.o
 .ARM.attributes
                0x00000000000000e6       0x32 CMakeFiles/USBTest_default_default_XC32_compile.dir/D_/MV_PIC32CZ_Git/TestProjects/My_MCC_Config/src/config/default/exceptions.c.o
 .ARM.attributes
                0x0000000000000118       0x32 CMakeFiles/USBTest_default_default_XC32_compile.dir/D_/MV_PIC32CZ_Git/TestProjects/My_MCC_Config/src/config/default/freertos_hooks.c.o
 .ARM.attributes
                0x000000000000014a       0x32 CMakeFiles/USBTest_default_default_XC32_compile.dir/D_/MV_PIC32CZ_Git/TestProjects/My_MCC_Config/src/config/default/initialization.c.o
 .ARM.attributes
                0x000000000000017c       0x32 CMakeFiles/USBTest_default_default_XC32_compile.dir/D_/MV_PIC32CZ_Git/TestProjects/My_MCC_Config/src/config/default/interrupts.c.o
 .ARM.attributes
                0x00000000000001ae       0x32 CMakeFiles/USBTest_default_default_XC32_compile.dir/D_/MV_PIC32CZ_Git/TestProjects/My_MCC_Config/src/config/default/osal/osal_freertos.c.o
 .ARM.attributes
                0x00000000000001e0       0x32 CMakeFiles/USBTest_default_default_XC32_compile.dir/D_/MV_PIC32CZ_Git/TestProjects/My_MCC_Config/src/config/default/peripheral/clock/plib_clock.c.o
 .ARM.attributes
                0x0000000000000212       0x32 CMakeFiles/USBTest_default_default_XC32_compile.dir/D_/MV_PIC32CZ_Git/TestProjects/My_MCC_Config/src/config/default/peripheral/evsys/plib_evsys.c.o
 .ARM.attributes
                0x0000000000000244       0x32 CMakeFiles/USBTest_default_default_XC32_compile.dir/D_/MV_PIC32CZ_Git/TestProjects/My_MCC_Config/src/config/default/peripheral/nvic/plib_nvic.c.o
 .ARM.attributes
                0x0000000000000276       0x32 CMakeFiles/USBTest_default_default_XC32_compile.dir/D_/MV_PIC32CZ_Git/TestProjects/My_MCC_Config/src/config/default/peripheral/port/plib_port.c.o
 .ARM.attributes
                0x00000000000002a8       0x32 CMakeFiles/USBTest_default_default_XC32_compile.dir/D_/MV_PIC32CZ_Git/TestProjects/My_MCC_Config/src/config/default/peripheral/rtc/plib_rtc_timer.c.o
 .ARM.attributes
                0x00000000000002da       0x32 CMakeFiles/USBTest_default_default_XC32_compile.dir/D_/MV_PIC32CZ_Git/TestProjects/My_MCC_Config/src/config/default/startup_xc32.c.o
 .ARM.attributes
                0x000000000000030c       0x32 CMakeFiles/USBTest_default_default_XC32_compile.dir/D_/MV_PIC32CZ_Git/TestProjects/My_MCC_Config/src/config/default/system/int/src/sys_int.c.o
 .ARM.attributes
                0x000000000000033e       0x32 CMakeFiles/USBTest_default_default_XC32_compile.dir/D_/MV_PIC32CZ_Git/TestProjects/My_MCC_Config/src/config/default/system/time/src/sys_time.c.o
 .ARM.attributes
                0x0000000000000370       0x32 CMakeFiles/USBTest_default_default_XC32_compile.dir/D_/MV_PIC32CZ_Git/TestProjects/My_MCC_Config/src/config/default/tasks.c.o
 .ARM.attributes
                0x00000000000003a2       0x32 CMakeFiles/USBTest_default_default_XC32_compile.dir/D_/MV_PIC32CZ_Git/TestProjects/My_MCC_Config/src/config/default/usb/src/usb_device.c.o
 .ARM.attributes
                0x00000000000003d4       0x32 CMakeFiles/USBTest_default_default_XC32_compile.dir/D_/MV_PIC32CZ_Git/TestProjects/My_MCC_Config/src/config/default/usb/src/usb_device_endpoint_functions.c.o
 .ARM.attributes
                0x0000000000000406       0x37 CMakeFiles/USBTest_default_default_XC32_compile.dir/D_/MV_PIC32CZ_Git/TestProjects/My_MCC_Config/src/config/default/usb_device_init_data_0.c.o
 .ARM.attributes
                0x000000000000043d       0x32 CMakeFiles/USBTest_default_default_XC32_compile.dir/D_/MV_PIC32CZ_Git/TestProjects/My_MCC_Config/src/main.c.o
 .ARM.attributes
                0x000000000000046f       0x32 CMakeFiles/USBTest_default_default_XC32_compile.dir/D_/MV_PIC32CZ_Git/TestProjects/My_MCC_Config/src/third_party/rtos/FreeRTOS/Source/FreeRTOS_tasks.c.o
 .ARM.attributes
                0x00000000000004a1       0x32 CMakeFiles/USBTest_default_default_XC32_compile.dir/D_/MV_PIC32CZ_Git/TestProjects/My_MCC_Config/src/third_party/rtos/FreeRTOS/Source/list.c.o
 .ARM.attributes
                0x00000000000004d3       0x32 CMakeFiles/USBTest_default_default_XC32_compile.dir/D_/MV_PIC32CZ_Git/TestProjects/My_MCC_Config/src/third_party/rtos/FreeRTOS/Source/portable/GCC/SAM/CM7/port.c.o
 .ARM.attributes
                0x0000000000000505       0x32 CMakeFiles/USBTest_default_default_XC32_compile.dir/D_/MV_PIC32CZ_Git/TestProjects/My_MCC_Config/src/third_party/rtos/FreeRTOS/Source/portable/MemMang/heap_1.c.o
 .ARM.attributes
                0x0000000000000537       0x32 CMakeFiles/USBTest_default_default_XC32_compile.dir/D_/MV_PIC32CZ_Git/TestProjects/My_MCC_Config/src/third_party/rtos/FreeRTOS/Source/queue.c.o
 .ARM.attributes
                0x0000000000000569       0x32 c:/progra~1/microc~1/xc32/v4.60/bin/bin/../../lib/gcc/pic32c/8.3.1/../../../../pic32c/lib/thumb/v7e-m+dp/hard\libpic32c.a(data_init.o)
 .ARM.attributes
                0x000000000000059b       0x34 c:/progra~1/microc~1/xc32/v4.60/bin/bin/../../lib/gcc/pic32c/8.3.1/../../../../pic32c/lib/thumb/v7e-m+dp/hard\libc-size-musl.a(memcpy.o)
 .ARM.attributes
                0x00000000000005cf       0x34 c:/progra~1/microc~1/xc32/v4.60/bin/bin/../../lib/gcc/pic32c/8.3.1/../../../../pic32c/lib/thumb/v7e-m+dp/hard\libc-size-musl.a(memset.o)
 .ARM.attributes
                0x0000000000000603       0x34 c:/progra~1/microc~1/xc32/v4.60/bin/bin/../../lib/gcc/pic32c/8.3.1/../../../../pic32c/lib/thumb/v7e-m+dp/hard\libg-musl.a(__libc_start_main.o)
 .ARM.attributes
                0x0000000000000637       0x32 c:/progra~1/microc~1/xc32/v4.60/bin/bin/../../lib/gcc/pic32c/8.3.1/../../../../pic32c/lib/thumb/v7e-m+dp/hard\libg-musl.a(libc.o)
 .ARM.attributes
                0x0000000000000669       0x32 c:/progra~1/microc~1/xc32/v4.60/bin/bin/../../lib/gcc/pic32c/8.3.1/../../../../pic32c/lib/thumb/v7e-m+dp/hard\libg-musl.a(__environ.o)
 .ARM.attributes
                0x000000000000069b       0x1e c:/progra~1/microc~1/xc32/v4.60/bin/bin/../../lib/gcc/pic32c/8.3.1/thumb/v7e-m+dp/hard/crtn.o
 .ARM.attributes
                0x00000000000006b9       0x32 c:/progra~1/microc~1/xc32/v4.60/bin/bin/../../lib/gcc/pic32c/8.3.1/../../../../pic32c/lib/thumb/v7e-m+dp/hard\libpic32c.a(pic32_data_init_clear.o)
 .ARM.attributes
                0x00000000000006eb       0x32 c:/progra~1/microc~1/xc32/v4.60/bin/bin/../../lib/gcc/pic32c/8.3.1/../../../../pic32c/lib/thumb/v7e-m+dp/hard\libpic32c.a(pic32_data_init_copy.o)

.comment        0x0000000000000000       0x2b
 .comment       0x0000000000000000       0x2b c:/progra~1/microc~1/xc32/v4.60/bin/bin/../../lib/gcc/pic32c/8.3.1/thumb/v7e-m+dp/hard/crtbegin.o
                                         0x2c (size before relaxing)
 .comment       0x000000000000002b       0x2c CMakeFiles/USBTest_default_default_XC32_compile.dir/D_/MV_PIC32CZ_Git/TestProjects/My_MCC_Config/src/app.c.o
 .comment       0x000000000000002b       0x2c CMakeFiles/USBTest_default_default_XC32_compile.dir/D_/MV_PIC32CZ_Git/TestProjects/My_MCC_Config/src/config/default/driver/usb/usbhs/src/drv_usbhs.c.o
 .comment       0x000000000000002b       0x2c CMakeFiles/USBTest_default_default_XC32_compile.dir/D_/MV_PIC32CZ_Git/TestProjects/My_MCC_Config/src/config/default/driver/usb/usbhs/src/drv_usbhs_device.c.o
 .comment       0x000000000000002b       0x2c CMakeFiles/USBTest_default_default_XC32_compile.dir/D_/MV_PIC32CZ_Git/TestProjects/My_MCC_Config/src/config/default/exceptions.c.o
 .comment       0x000000000000002b       0x2c CMakeFiles/USBTest_default_default_XC32_compile.dir/D_/MV_PIC32CZ_Git/TestProjects/My_MCC_Config/src/config/default/freertos_hooks.c.o
 .comment       0x000000000000002b       0x2c CMakeFiles/USBTest_default_default_XC32_compile.dir/D_/MV_PIC32CZ_Git/TestProjects/My_MCC_Config/src/config/default/initialization.c.o
 .comment       0x000000000000002b       0x2c CMakeFiles/USBTest_default_default_XC32_compile.dir/D_/MV_PIC32CZ_Git/TestProjects/My_MCC_Config/src/config/default/interrupts.c.o
 .comment       0x000000000000002b       0x2c CMakeFiles/USBTest_default_default_XC32_compile.dir/D_/MV_PIC32CZ_Git/TestProjects/My_MCC_Config/src/config/default/osal/osal_freertos.c.o
 .comment       0x000000000000002b       0x2c CMakeFiles/USBTest_default_default_XC32_compile.dir/D_/MV_PIC32CZ_Git/TestProjects/My_MCC_Config/src/config/default/peripheral/clock/plib_clock.c.o
 .comment       0x000000000000002b       0x2c CMakeFiles/USBTest_default_default_XC32_compile.dir/D_/MV_PIC32CZ_Git/TestProjects/My_MCC_Config/src/config/default/peripheral/evsys/plib_evsys.c.o
 .comment       0x000000000000002b       0x2c CMakeFiles/USBTest_default_default_XC32_compile.dir/D_/MV_PIC32CZ_Git/TestProjects/My_MCC_Config/src/config/default/peripheral/nvic/plib_nvic.c.o
 .comment       0x000000000000002b       0x2c CMakeFiles/USBTest_default_default_XC32_compile.dir/D_/MV_PIC32CZ_Git/TestProjects/My_MCC_Config/src/config/default/peripheral/port/plib_port.c.o
 .comment       0x000000000000002b       0x2c CMakeFiles/USBTest_default_default_XC32_compile.dir/D_/MV_PIC32CZ_Git/TestProjects/My_MCC_Config/src/config/default/peripheral/rtc/plib_rtc_timer.c.o
 .comment       0x000000000000002b       0x2c CMakeFiles/USBTest_default_default_XC32_compile.dir/D_/MV_PIC32CZ_Git/TestProjects/My_MCC_Config/src/config/default/startup_xc32.c.o
 .comment       0x000000000000002b       0x2c CMakeFiles/USBTest_default_default_XC32_compile.dir/D_/MV_PIC32CZ_Git/TestProjects/My_MCC_Config/src/config/default/system/int/src/sys_int.c.o
 .comment       0x000000000000002b       0x2c CMakeFiles/USBTest_default_default_XC32_compile.dir/D_/MV_PIC32CZ_Git/TestProjects/My_MCC_Config/src/config/default/system/time/src/sys_time.c.o
 .comment       0x000000000000002b       0x2c CMakeFiles/USBTest_default_default_XC32_compile.dir/D_/MV_PIC32CZ_Git/TestProjects/My_MCC_Config/src/config/default/tasks.c.o
 .comment       0x000000000000002b       0x2c CMakeFiles/USBTest_default_default_XC32_compile.dir/D_/MV_PIC32CZ_Git/TestProjects/My_MCC_Config/src/config/default/usb/src/usb_device.c.o
 .comment       0x000000000000002b       0x2c CMakeFiles/USBTest_default_default_XC32_compile.dir/D_/MV_PIC32CZ_Git/TestProjects/My_MCC_Config/src/config/default/usb/src/usb_device_endpoint_functions.c.o
 .comment       0x000000000000002b       0x2c CMakeFiles/USBTest_default_default_XC32_compile.dir/D_/MV_PIC32CZ_Git/TestProjects/My_MCC_Config/src/config/default/usb_device_init_data_0.c.o
 .comment       0x000000000000002b       0x2c CMakeFiles/USBTest_default_default_XC32_compile.dir/D_/MV_PIC32CZ_Git/TestProjects/My_MCC_Config/src/main.c.o
 .comment       0x000000000000002b       0x2c CMakeFiles/USBTest_default_default_XC32_compile.dir/D_/MV_PIC32CZ_Git/TestProjects/My_MCC_Config/src/third_party/rtos/FreeRTOS/Source/FreeRTOS_tasks.c.o
 .comment       0x000000000000002b       0x2c CMakeFiles/USBTest_default_default_XC32_compile.dir/D_/MV_PIC32CZ_Git/TestProjects/My_MCC_Config/src/third_party/rtos/FreeRTOS/Source/list.c.o
 .comment       0x000000000000002b       0x2c CMakeFiles/USBTest_default_default_XC32_compile.dir/D_/MV_PIC32CZ_Git/TestProjects/My_MCC_Config/src/third_party/rtos/FreeRTOS/Source/portable/GCC/SAM/CM7/port.c.o
 .comment       0x000000000000002b       0x2c CMakeFiles/USBTest_default_default_XC32_compile.dir/D_/MV_PIC32CZ_Git/TestProjects/My_MCC_Config/src/third_party/rtos/FreeRTOS/Source/portable/MemMang/heap_1.c.o
 .comment       0x000000000000002b       0x2c CMakeFiles/USBTest_default_default_XC32_compile.dir/D_/MV_PIC32CZ_Git/TestProjects/My_MCC_Config/src/third_party/rtos/FreeRTOS/Source/queue.c.o
 .comment       0x000000000000002b       0x2c c:/progra~1/microc~1/xc32/v4.60/bin/bin/../../lib/gcc/pic32c/8.3.1/../../../../pic32c/lib/thumb/v7e-m+dp/hard\libpic32c.a(data_init.o)
 .comment       0x000000000000002b       0x2c c:/progra~1/microc~1/xc32/v4.60/bin/bin/../../lib/gcc/pic32c/8.3.1/../../../../pic32c/lib/thumb/v7e-m+dp/hard\libc-size-musl.a(memcpy.o)
 .comment       0x000000000000002b       0x2c c:/progra~1/microc~1/xc32/v4.60/bin/bin/../../lib/gcc/pic32c/8.3.1/../../../../pic32c/lib/thumb/v7e-m+dp/hard\libc-size-musl.a(memset.o)
 .comment       0x000000000000002b       0x2c c:/progra~1/microc~1/xc32/v4.60/bin/bin/../../lib/gcc/pic32c/8.3.1/../../../../pic32c/lib/thumb/v7e-m+dp/hard\libg-musl.a(__libc_start_main.o)
 .comment       0x000000000000002b       0x2c c:/progra~1/microc~1/xc32/v4.60/bin/bin/../../lib/gcc/pic32c/8.3.1/../../../../pic32c/lib/thumb/v7e-m+dp/hard\libg-musl.a(libc.o)
 .comment       0x000000000000002b       0x2c c:/progra~1/microc~1/xc32/v4.60/bin/bin/../../lib/gcc/pic32c/8.3.1/../../../../pic32c/lib/thumb/v7e-m+dp/hard\libg-musl.a(__environ.o)
 .comment       0x000000000000002b       0x2c c:/progra~1/microc~1/xc32/v4.60/bin/bin/../../lib/gcc/pic32c/8.3.1/../../../../pic32c/lib/thumb/v7e-m+dp/hard\libpic32c.a(pic32_data_init_clear.o)
 .comment       0x000000000000002b       0x2c c:/progra~1/microc~1/xc32/v4.60/bin/bin/../../lib/gcc/pic32c/8.3.1/../../../../pic32c/lib/thumb/v7e-m+dp/hard\libpic32c.a(pic32_data_init_copy.o)

.debug_info     0x0000000000000000    0x24bc9
 .debug_info    0x0000000000000000      0xcfd CMakeFiles/USBTest_default_default_XC32_compile.dir/D_/MV_PIC32CZ_Git/TestProjects/My_MCC_Config/src/app.c.o
 .debug_info    0x0000000000000cfd     0x495f CMakeFiles/USBTest_default_default_XC32_compile.dir/D_/MV_PIC32CZ_Git/TestProjects/My_MCC_Config/src/config/default/driver/usb/usbhs/src/drv_usbhs.c.o
 .debug_info    0x000000000000565c     0x9e75 CMakeFiles/USBTest_default_default_XC32_compile.dir/D_/MV_PIC32CZ_Git/TestProjects/My_MCC_Config/src/config/default/driver/usb/usbhs/src/drv_usbhs_device.c.o
 .debug_info    0x000000000000f4d1      0x116 CMakeFiles/USBTest_default_default_XC32_compile.dir/D_/MV_PIC32CZ_Git/TestProjects/My_MCC_Config/src/config/default/exceptions.c.o
 .debug_info    0x000000000000f5e7      0x223 CMakeFiles/USBTest_default_default_XC32_compile.dir/D_/MV_PIC32CZ_Git/TestProjects/My_MCC_Config/src/config/default/freertos_hooks.c.o
 .debug_info    0x000000000000f80a     0x11b3 CMakeFiles/USBTest_default_default_XC32_compile.dir/D_/MV_PIC32CZ_Git/TestProjects/My_MCC_Config/src/config/default/initialization.c.o
 .debug_info    0x00000000000109bd     0x116a CMakeFiles/USBTest_default_default_XC32_compile.dir/D_/MV_PIC32CZ_Git/TestProjects/My_MCC_Config/src/config/default/interrupts.c.o
 .debug_info    0x0000000000011b27      0x798 CMakeFiles/USBTest_default_default_XC32_compile.dir/D_/MV_PIC32CZ_Git/TestProjects/My_MCC_Config/src/config/default/osal/osal_freertos.c.o
 .debug_info    0x00000000000122bf      0x6f1 CMakeFiles/USBTest_default_default_XC32_compile.dir/D_/MV_PIC32CZ_Git/TestProjects/My_MCC_Config/src/config/default/peripheral/clock/plib_clock.c.o
 .debug_info    0x00000000000129b0       0x9b CMakeFiles/USBTest_default_default_XC32_compile.dir/D_/MV_PIC32CZ_Git/TestProjects/My_MCC_Config/src/config/default/peripheral/evsys/plib_evsys.c.o
 .debug_info    0x0000000000012a4b     0x11c1 CMakeFiles/USBTest_default_default_XC32_compile.dir/D_/MV_PIC32CZ_Git/TestProjects/My_MCC_Config/src/config/default/peripheral/nvic/plib_nvic.c.o
 .debug_info    0x0000000000013c0c      0x977 CMakeFiles/USBTest_default_default_XC32_compile.dir/D_/MV_PIC32CZ_Git/TestProjects/My_MCC_Config/src/config/default/peripheral/port/plib_port.c.o
 .debug_info    0x0000000000014583      0x9b4 CMakeFiles/USBTest_default_default_XC32_compile.dir/D_/MV_PIC32CZ_Git/TestProjects/My_MCC_Config/src/config/default/peripheral/rtc/plib_rtc_timer.c.o
 .debug_info    0x0000000000014f37      0x86c CMakeFiles/USBTest_default_default_XC32_compile.dir/D_/MV_PIC32CZ_Git/TestProjects/My_MCC_Config/src/config/default/startup_xc32.c.o
 .debug_info    0x00000000000157a3      0xa50 CMakeFiles/USBTest_default_default_XC32_compile.dir/D_/MV_PIC32CZ_Git/TestProjects/My_MCC_Config/src/config/default/system/int/src/sys_int.c.o
 .debug_info    0x00000000000161f3     0x1dee CMakeFiles/USBTest_default_default_XC32_compile.dir/D_/MV_PIC32CZ_Git/TestProjects/My_MCC_Config/src/config/default/system/time/src/sys_time.c.o
 .debug_info    0x0000000000017fe1      0x4bc CMakeFiles/USBTest_default_default_XC32_compile.dir/D_/MV_PIC32CZ_Git/TestProjects/My_MCC_Config/src/config/default/tasks.c.o
 .debug_info    0x000000000001849d     0x3f82 CMakeFiles/USBTest_default_default_XC32_compile.dir/D_/MV_PIC32CZ_Git/TestProjects/My_MCC_Config/src/config/default/usb/src/usb_device.c.o
 .debug_info    0x000000000001c41f     0x19cd CMakeFiles/USBTest_default_default_XC32_compile.dir/D_/MV_PIC32CZ_Git/TestProjects/My_MCC_Config/src/config/default/usb/src/usb_device_endpoint_functions.c.o
 .debug_info    0x000000000001ddec     0x13cd CMakeFiles/USBTest_default_default_XC32_compile.dir/D_/MV_PIC32CZ_Git/TestProjects/My_MCC_Config/src/config/default/usb_device_init_data_0.c.o
 .debug_info    0x000000000001f1b9       0xe4 CMakeFiles/USBTest_default_default_XC32_compile.dir/D_/MV_PIC32CZ_Git/TestProjects/My_MCC_Config/src/main.c.o
 .debug_info    0x000000000001f29d     0x2ba8 CMakeFiles/USBTest_default_default_XC32_compile.dir/D_/MV_PIC32CZ_Git/TestProjects/My_MCC_Config/src/third_party/rtos/FreeRTOS/Source/FreeRTOS_tasks.c.o
 .debug_info    0x0000000000021e45      0x2ff CMakeFiles/USBTest_default_default_XC32_compile.dir/D_/MV_PIC32CZ_Git/TestProjects/My_MCC_Config/src/third_party/rtos/FreeRTOS/Source/list.c.o
 .debug_info    0x0000000000022144      0x3c6 CMakeFiles/USBTest_default_default_XC32_compile.dir/D_/MV_PIC32CZ_Git/TestProjects/My_MCC_Config/src/third_party/rtos/FreeRTOS/Source/portable/GCC/SAM/CM7/port.c.o
 .debug_info    0x000000000002250a      0x238 CMakeFiles/USBTest_default_default_XC32_compile.dir/D_/MV_PIC32CZ_Git/TestProjects/My_MCC_Config/src/third_party/rtos/FreeRTOS/Source/portable/MemMang/heap_1.c.o
 .debug_info    0x0000000000022742     0x1bea CMakeFiles/USBTest_default_default_XC32_compile.dir/D_/MV_PIC32CZ_Git/TestProjects/My_MCC_Config/src/third_party/rtos/FreeRTOS/Source/queue.c.o
 .debug_info    0x000000000002432c       0x68 c:/progra~1/microc~1/xc32/v4.60/bin/bin/../../lib/gcc/pic32c/8.3.1/../../../../pic32c/lib/thumb/v7e-m+dp/hard\libpic32c.a(data_init.o)
 .debug_info    0x0000000000024394       0xf3 c:/progra~1/microc~1/xc32/v4.60/bin/bin/../../lib/gcc/pic32c/8.3.1/../../../../pic32c/lib/thumb/v7e-m+dp/hard\libc-size-musl.a(memcpy.o)
 .debug_info    0x0000000000024487       0xbb c:/progra~1/microc~1/xc32/v4.60/bin/bin/../../lib/gcc/pic32c/8.3.1/../../../../pic32c/lib/thumb/v7e-m+dp/hard\libc-size-musl.a(memset.o)
 .debug_info    0x0000000000024542      0x2fb c:/progra~1/microc~1/xc32/v4.60/bin/bin/../../lib/gcc/pic32c/8.3.1/../../../../pic32c/lib/thumb/v7e-m+dp/hard\libg-musl.a(__libc_start_main.o)
 .debug_info    0x000000000002483d      0x276 c:/progra~1/microc~1/xc32/v4.60/bin/bin/../../lib/gcc/pic32c/8.3.1/../../../../pic32c/lib/thumb/v7e-m+dp/hard\libg-musl.a(libc.o)
 .debug_info    0x0000000000024ab3       0x97 c:/progra~1/microc~1/xc32/v4.60/bin/bin/../../lib/gcc/pic32c/8.3.1/../../../../pic32c/lib/thumb/v7e-m+dp/hard\libg-musl.a(__environ.o)
 .debug_info    0x0000000000024b4a       0x3f c:/progra~1/microc~1/xc32/v4.60/bin/bin/../../lib/gcc/pic32c/8.3.1/../../../../pic32c/lib/thumb/v7e-m+dp/hard\libpic32c.a(pic32_data_init_clear.o)
 .debug_info    0x0000000000024b89       0x40 c:/progra~1/microc~1/xc32/v4.60/bin/bin/../../lib/gcc/pic32c/8.3.1/../../../../pic32c/lib/thumb/v7e-m+dp/hard\libpic32c.a(pic32_data_init_copy.o)

.debug_abbrev   0x0000000000000000     0x4056
 .debug_abbrev  0x0000000000000000      0x26d CMakeFiles/USBTest_default_default_XC32_compile.dir/D_/MV_PIC32CZ_Git/TestProjects/My_MCC_Config/src/app.c.o
 .debug_abbrev  0x000000000000026d      0x585 CMakeFiles/USBTest_default_default_XC32_compile.dir/D_/MV_PIC32CZ_Git/TestProjects/My_MCC_Config/src/config/default/driver/usb/usbhs/src/drv_usbhs.c.o
 .debug_abbrev  0x00000000000007f2      0x646 CMakeFiles/USBTest_default_default_XC32_compile.dir/D_/MV_PIC32CZ_Git/TestProjects/My_MCC_Config/src/config/default/driver/usb/usbhs/src/drv_usbhs_device.c.o
 .debug_abbrev  0x0000000000000e38       0x49 CMakeFiles/USBTest_default_default_XC32_compile.dir/D_/MV_PIC32CZ_Git/TestProjects/My_MCC_Config/src/config/default/exceptions.c.o
 .debug_abbrev  0x0000000000000e81      0x159 CMakeFiles/USBTest_default_default_XC32_compile.dir/D_/MV_PIC32CZ_Git/TestProjects/My_MCC_Config/src/config/default/freertos_hooks.c.o
 .debug_abbrev  0x0000000000000fda      0x21d CMakeFiles/USBTest_default_default_XC32_compile.dir/D_/MV_PIC32CZ_Git/TestProjects/My_MCC_Config/src/config/default/initialization.c.o
 .debug_abbrev  0x00000000000011f7      0x109 CMakeFiles/USBTest_default_default_XC32_compile.dir/D_/MV_PIC32CZ_Git/TestProjects/My_MCC_Config/src/config/default/interrupts.c.o
 .debug_abbrev  0x0000000000001300      0x1be CMakeFiles/USBTest_default_default_XC32_compile.dir/D_/MV_PIC32CZ_Git/TestProjects/My_MCC_Config/src/config/default/osal/osal_freertos.c.o
 .debug_abbrev  0x00000000000014be       0xfc CMakeFiles/USBTest_default_default_XC32_compile.dir/D_/MV_PIC32CZ_Git/TestProjects/My_MCC_Config/src/config/default/peripheral/clock/plib_clock.c.o
 .debug_abbrev  0x00000000000015ba       0x46 CMakeFiles/USBTest_default_default_XC32_compile.dir/D_/MV_PIC32CZ_Git/TestProjects/My_MCC_Config/src/config/default/peripheral/evsys/plib_evsys.c.o
 .debug_abbrev  0x0000000000001600      0x25d CMakeFiles/USBTest_default_default_XC32_compile.dir/D_/MV_PIC32CZ_Git/TestProjects/My_MCC_Config/src/config/default/peripheral/nvic/plib_nvic.c.o
 .debug_abbrev  0x000000000000185d      0x1ea CMakeFiles/USBTest_default_default_XC32_compile.dir/D_/MV_PIC32CZ_Git/TestProjects/My_MCC_Config/src/config/default/peripheral/port/plib_port.c.o
 .debug_abbrev  0x0000000000001a47      0x1a2 CMakeFiles/USBTest_default_default_XC32_compile.dir/D_/MV_PIC32CZ_Git/TestProjects/My_MCC_Config/src/config/default/peripheral/rtc/plib_rtc_timer.c.o
 .debug_abbrev  0x0000000000001be9      0x1c3 CMakeFiles/USBTest_default_default_XC32_compile.dir/D_/MV_PIC32CZ_Git/TestProjects/My_MCC_Config/src/config/default/startup_xc32.c.o
 .debug_abbrev  0x0000000000001dac      0x270 CMakeFiles/USBTest_default_default_XC32_compile.dir/D_/MV_PIC32CZ_Git/TestProjects/My_MCC_Config/src/config/default/system/int/src/sys_int.c.o
 .debug_abbrev  0x000000000000201c      0x4de CMakeFiles/USBTest_default_default_XC32_compile.dir/D_/MV_PIC32CZ_Git/TestProjects/My_MCC_Config/src/config/default/system/time/src/sys_time.c.o
 .debug_abbrev  0x00000000000024fa      0x18e CMakeFiles/USBTest_default_default_XC32_compile.dir/D_/MV_PIC32CZ_Git/TestProjects/My_MCC_Config/src/config/default/tasks.c.o
 .debug_abbrev  0x0000000000002688      0x40e CMakeFiles/USBTest_default_default_XC32_compile.dir/D_/MV_PIC32CZ_Git/TestProjects/My_MCC_Config/src/config/default/usb/src/usb_device.c.o
 .debug_abbrev  0x0000000000002a96      0x30d CMakeFiles/USBTest_default_default_XC32_compile.dir/D_/MV_PIC32CZ_Git/TestProjects/My_MCC_Config/src/config/default/usb/src/usb_device_endpoint_functions.c.o
 .debug_abbrev  0x0000000000002da3      0x1ae CMakeFiles/USBTest_default_default_XC32_compile.dir/D_/MV_PIC32CZ_Git/TestProjects/My_MCC_Config/src/config/default/usb_device_init_data_0.c.o
 .debug_abbrev  0x0000000000002f51       0x82 CMakeFiles/USBTest_default_default_XC32_compile.dir/D_/MV_PIC32CZ_Git/TestProjects/My_MCC_Config/src/main.c.o
 .debug_abbrev  0x0000000000002fd3      0x443 CMakeFiles/USBTest_default_default_XC32_compile.dir/D_/MV_PIC32CZ_Git/TestProjects/My_MCC_Config/src/third_party/rtos/FreeRTOS/Source/FreeRTOS_tasks.c.o
 .debug_abbrev  0x0000000000003416      0x12c CMakeFiles/USBTest_default_default_XC32_compile.dir/D_/MV_PIC32CZ_Git/TestProjects/My_MCC_Config/src/third_party/rtos/FreeRTOS/Source/list.c.o
 .debug_abbrev  0x0000000000003542      0x231 CMakeFiles/USBTest_default_default_XC32_compile.dir/D_/MV_PIC32CZ_Git/TestProjects/My_MCC_Config/src/third_party/rtos/FreeRTOS/Source/portable/GCC/SAM/CM7/port.c.o
 .debug_abbrev  0x0000000000003773      0x162 CMakeFiles/USBTest_default_default_XC32_compile.dir/D_/MV_PIC32CZ_Git/TestProjects/My_MCC_Config/src/third_party/rtos/FreeRTOS/Source/portable/MemMang/heap_1.c.o
 .debug_abbrev  0x00000000000038d5      0x31b CMakeFiles/USBTest_default_default_XC32_compile.dir/D_/MV_PIC32CZ_Git/TestProjects/My_MCC_Config/src/third_party/rtos/FreeRTOS/Source/queue.c.o
 .debug_abbrev  0x0000000000003bf0       0x44 c:/progra~1/microc~1/xc32/v4.60/bin/bin/../../lib/gcc/pic32c/8.3.1/../../../../pic32c/lib/thumb/v7e-m+dp/hard\libpic32c.a(data_init.o)
 .debug_abbrev  0x0000000000003c34       0xbb c:/progra~1/microc~1/xc32/v4.60/bin/bin/../../lib/gcc/pic32c/8.3.1/../../../../pic32c/lib/thumb/v7e-m+dp/hard\libc-size-musl.a(memcpy.o)
 .debug_abbrev  0x0000000000003cef       0xa2 c:/progra~1/microc~1/xc32/v4.60/bin/bin/../../lib/gcc/pic32c/8.3.1/../../../../pic32c/lib/thumb/v7e-m+dp/hard\libc-size-musl.a(memset.o)
 .debug_abbrev  0x0000000000003d91      0x133 c:/progra~1/microc~1/xc32/v4.60/bin/bin/../../lib/gcc/pic32c/8.3.1/../../../../pic32c/lib/thumb/v7e-m+dp/hard\libg-musl.a(__libc_start_main.o)
 .debug_abbrev  0x0000000000003ec4       0xd4 c:/progra~1/microc~1/xc32/v4.60/bin/bin/../../lib/gcc/pic32c/8.3.1/../../../../pic32c/lib/thumb/v7e-m+dp/hard\libg-musl.a(libc.o)
 .debug_abbrev  0x0000000000003f98       0x62 c:/progra~1/microc~1/xc32/v4.60/bin/bin/../../lib/gcc/pic32c/8.3.1/../../../../pic32c/lib/thumb/v7e-m+dp/hard\libg-musl.a(__environ.o)
 .debug_abbrev  0x0000000000003ffa       0x2e c:/progra~1/microc~1/xc32/v4.60/bin/bin/../../lib/gcc/pic32c/8.3.1/../../../../pic32c/lib/thumb/v7e-m+dp/hard\libpic32c.a(pic32_data_init_clear.o)
 .debug_abbrev  0x0000000000004028       0x2e c:/progra~1/microc~1/xc32/v4.60/bin/bin/../../lib/gcc/pic32c/8.3.1/../../../../pic32c/lib/thumb/v7e-m+dp/hard\libpic32c.a(pic32_data_init_copy.o)

.debug_loc      0x0000000000000000    0x14a5f
 .debug_loc     0x0000000000000000      0x31c CMakeFiles/USBTest_default_default_XC32_compile.dir/D_/MV_PIC32CZ_Git/TestProjects/My_MCC_Config/src/app.c.o
 .debug_loc     0x000000000000031c      0xcde CMakeFiles/USBTest_default_default_XC32_compile.dir/D_/MV_PIC32CZ_Git/TestProjects/My_MCC_Config/src/config/default/driver/usb/usbhs/src/drv_usbhs.c.o
 .debug_loc     0x0000000000000ffa     0x842b CMakeFiles/USBTest_default_default_XC32_compile.dir/D_/MV_PIC32CZ_Git/TestProjects/My_MCC_Config/src/config/default/driver/usb/usbhs/src/drv_usbhs_device.c.o
 .debug_loc     0x0000000000009425       0x82 CMakeFiles/USBTest_default_default_XC32_compile.dir/D_/MV_PIC32CZ_Git/TestProjects/My_MCC_Config/src/config/default/freertos_hooks.c.o
 .debug_loc     0x00000000000094a7       0x45 CMakeFiles/USBTest_default_default_XC32_compile.dir/D_/MV_PIC32CZ_Git/TestProjects/My_MCC_Config/src/config/default/initialization.c.o
 .debug_loc     0x00000000000094ec      0x80c CMakeFiles/USBTest_default_default_XC32_compile.dir/D_/MV_PIC32CZ_Git/TestProjects/My_MCC_Config/src/config/default/osal/osal_freertos.c.o
 .debug_loc     0x0000000000009cf8      0x2d4 CMakeFiles/USBTest_default_default_XC32_compile.dir/D_/MV_PIC32CZ_Git/TestProjects/My_MCC_Config/src/config/default/peripheral/nvic/plib_nvic.c.o
 .debug_loc     0x0000000000009fcc      0x29a CMakeFiles/USBTest_default_default_XC32_compile.dir/D_/MV_PIC32CZ_Git/TestProjects/My_MCC_Config/src/config/default/peripheral/port/plib_port.c.o
 .debug_loc     0x000000000000a266       0x94 CMakeFiles/USBTest_default_default_XC32_compile.dir/D_/MV_PIC32CZ_Git/TestProjects/My_MCC_Config/src/config/default/peripheral/rtc/plib_rtc_timer.c.o
 .debug_loc     0x000000000000a2fa       0x91 CMakeFiles/USBTest_default_default_XC32_compile.dir/D_/MV_PIC32CZ_Git/TestProjects/My_MCC_Config/src/config/default/startup_xc32.c.o
 .debug_loc     0x000000000000a38b      0x182 CMakeFiles/USBTest_default_default_XC32_compile.dir/D_/MV_PIC32CZ_Git/TestProjects/My_MCC_Config/src/config/default/system/int/src/sys_int.c.o
 .debug_loc     0x000000000000a50d     0x1d5d CMakeFiles/USBTest_default_default_XC32_compile.dir/D_/MV_PIC32CZ_Git/TestProjects/My_MCC_Config/src/config/default/system/time/src/sys_time.c.o
 .debug_loc     0x000000000000c26a      0x107 CMakeFiles/USBTest_default_default_XC32_compile.dir/D_/MV_PIC32CZ_Git/TestProjects/My_MCC_Config/src/config/default/tasks.c.o
 .debug_loc     0x000000000000c371     0x3124 CMakeFiles/USBTest_default_default_XC32_compile.dir/D_/MV_PIC32CZ_Git/TestProjects/My_MCC_Config/src/config/default/usb/src/usb_device.c.o
 .debug_loc     0x000000000000f495      0xb77 CMakeFiles/USBTest_default_default_XC32_compile.dir/D_/MV_PIC32CZ_Git/TestProjects/My_MCC_Config/src/config/default/usb/src/usb_device_endpoint_functions.c.o
 .debug_loc     0x000000000001000c       0x20 CMakeFiles/USBTest_default_default_XC32_compile.dir/D_/MV_PIC32CZ_Git/TestProjects/My_MCC_Config/src/main.c.o
 .debug_loc     0x000000000001002c     0x2bfa CMakeFiles/USBTest_default_default_XC32_compile.dir/D_/MV_PIC32CZ_Git/TestProjects/My_MCC_Config/src/third_party/rtos/FreeRTOS/Source/FreeRTOS_tasks.c.o
 .debug_loc     0x0000000000012c26       0xbf CMakeFiles/USBTest_default_default_XC32_compile.dir/D_/MV_PIC32CZ_Git/TestProjects/My_MCC_Config/src/third_party/rtos/FreeRTOS/Source/list.c.o
 .debug_loc     0x0000000000012ce5      0x13a CMakeFiles/USBTest_default_default_XC32_compile.dir/D_/MV_PIC32CZ_Git/TestProjects/My_MCC_Config/src/third_party/rtos/FreeRTOS/Source/portable/GCC/SAM/CM7/port.c.o
 .debug_loc     0x0000000000012e1f       0xd7 CMakeFiles/USBTest_default_default_XC32_compile.dir/D_/MV_PIC32CZ_Git/TestProjects/My_MCC_Config/src/third_party/rtos/FreeRTOS/Source/portable/MemMang/heap_1.c.o
 .debug_loc     0x0000000000012ef6     0x1968 CMakeFiles/USBTest_default_default_XC32_compile.dir/D_/MV_PIC32CZ_Git/TestProjects/My_MCC_Config/src/third_party/rtos/FreeRTOS/Source/queue.c.o
 .debug_loc     0x000000000001485e       0x14 c:/progra~1/microc~1/xc32/v4.60/bin/bin/../../lib/gcc/pic32c/8.3.1/../../../../pic32c/lib/thumb/v7e-m+dp/hard\libpic32c.a(data_init.o)
 .debug_loc     0x0000000000014872      0x10b c:/progra~1/microc~1/xc32/v4.60/bin/bin/../../lib/gcc/pic32c/8.3.1/../../../../pic32c/lib/thumb/v7e-m+dp/hard\libc-size-musl.a(memcpy.o)
 .debug_loc     0x000000000001497d       0x7d c:/progra~1/microc~1/xc32/v4.60/bin/bin/../../lib/gcc/pic32c/8.3.1/../../../../pic32c/lib/thumb/v7e-m+dp/hard\libc-size-musl.a(memset.o)
 .debug_loc     0x00000000000149fa       0x51 c:/progra~1/microc~1/xc32/v4.60/bin/bin/../../lib/gcc/pic32c/8.3.1/../../../../pic32c/lib/thumb/v7e-m+dp/hard\libg-musl.a(__libc_start_main.o)
 .debug_loc     0x0000000000014a4b       0x14 c:/progra~1/microc~1/xc32/v4.60/bin/bin/../../lib/gcc/pic32c/8.3.1/../../../../pic32c/lib/thumb/v7e-m+dp/hard\libpic32c.a(pic32_data_init_copy.o)

.debug_aranges  0x0000000000000000      0xce0
 .debug_aranges
                0x0000000000000000       0x30 CMakeFiles/USBTest_default_default_XC32_compile.dir/D_/MV_PIC32CZ_Git/TestProjects/My_MCC_Config/src/app.c.o
 .debug_aranges
                0x0000000000000030       0x78 CMakeFiles/USBTest_default_default_XC32_compile.dir/D_/MV_PIC32CZ_Git/TestProjects/My_MCC_Config/src/config/default/driver/usb/usbhs/src/drv_usbhs.c.o
 .debug_aranges
                0x00000000000000a8      0x100 CMakeFiles/USBTest_default_default_XC32_compile.dir/D_/MV_PIC32CZ_Git/TestProjects/My_MCC_Config/src/config/default/driver/usb/usbhs/src/drv_usbhs_device.c.o
 .debug_aranges
                0x00000000000001a8       0x48 CMakeFiles/USBTest_default_default_XC32_compile.dir/D_/MV_PIC32CZ_Git/TestProjects/My_MCC_Config/src/config/default/exceptions.c.o
 .debug_aranges
                0x00000000000001f0       0x40 CMakeFiles/USBTest_default_default_XC32_compile.dir/D_/MV_PIC32CZ_Git/TestProjects/My_MCC_Config/src/config/default/freertos_hooks.c.o
 .debug_aranges
                0x0000000000000230       0x20 CMakeFiles/USBTest_default_default_XC32_compile.dir/D_/MV_PIC32CZ_Git/TestProjects/My_MCC_Config/src/config/default/initialization.c.o
 .debug_aranges
                0x0000000000000250       0x20 CMakeFiles/USBTest_default_default_XC32_compile.dir/D_/MV_PIC32CZ_Git/TestProjects/My_MCC_Config/src/config/default/interrupts.c.o
 .debug_aranges
                0x0000000000000270       0x90 CMakeFiles/USBTest_default_default_XC32_compile.dir/D_/MV_PIC32CZ_Git/TestProjects/My_MCC_Config/src/config/default/osal/osal_freertos.c.o
 .debug_aranges
                0x0000000000000300       0x20 CMakeFiles/USBTest_default_default_XC32_compile.dir/D_/MV_PIC32CZ_Git/TestProjects/My_MCC_Config/src/config/default/peripheral/clock/plib_clock.c.o
 .debug_aranges
                0x0000000000000320       0x20 CMakeFiles/USBTest_default_default_XC32_compile.dir/D_/MV_PIC32CZ_Git/TestProjects/My_MCC_Config/src/config/default/peripheral/evsys/plib_evsys.c.o
 .debug_aranges
                0x0000000000000340       0x48 CMakeFiles/USBTest_default_default_XC32_compile.dir/D_/MV_PIC32CZ_Git/TestProjects/My_MCC_Config/src/config/default/peripheral/nvic/plib_nvic.c.o
 .debug_aranges
                0x0000000000000388       0x70 CMakeFiles/USBTest_default_default_XC32_compile.dir/D_/MV_PIC32CZ_Git/TestProjects/My_MCC_Config/src/config/default/peripheral/port/plib_port.c.o
 .debug_aranges
                0x00000000000003f8       0xa0 CMakeFiles/USBTest_default_default_XC32_compile.dir/D_/MV_PIC32CZ_Git/TestProjects/My_MCC_Config/src/config/default/peripheral/rtc/plib_rtc_timer.c.o
 .debug_aranges
                0x0000000000000498       0x28 CMakeFiles/USBTest_default_default_XC32_compile.dir/D_/MV_PIC32CZ_Git/TestProjects/My_MCC_Config/src/config/default/startup_xc32.c.o
 .debug_aranges
                0x00000000000004c0       0x40 CMakeFiles/USBTest_default_default_XC32_compile.dir/D_/MV_PIC32CZ_Git/TestProjects/My_MCC_Config/src/config/default/system/int/src/sys_int.c.o
 .debug_aranges
                0x0000000000000500      0x108 CMakeFiles/USBTest_default_default_XC32_compile.dir/D_/MV_PIC32CZ_Git/TestProjects/My_MCC_Config/src/config/default/system/time/src/sys_time.c.o
 .debug_aranges
                0x0000000000000608       0x38 CMakeFiles/USBTest_default_default_XC32_compile.dir/D_/MV_PIC32CZ_Git/TestProjects/My_MCC_Config/src/config/default/tasks.c.o
 .debug_aranges
                0x0000000000000640      0x1a0 CMakeFiles/USBTest_default_default_XC32_compile.dir/D_/MV_PIC32CZ_Git/TestProjects/My_MCC_Config/src/config/default/usb/src/usb_device.c.o
 .debug_aranges
                0x00000000000007e0       0x50 CMakeFiles/USBTest_default_default_XC32_compile.dir/D_/MV_PIC32CZ_Git/TestProjects/My_MCC_Config/src/config/default/usb/src/usb_device_endpoint_functions.c.o
 .debug_aranges
                0x0000000000000830       0x18 CMakeFiles/USBTest_default_default_XC32_compile.dir/D_/MV_PIC32CZ_Git/TestProjects/My_MCC_Config/src/config/default/usb_device_init_data_0.c.o
 .debug_aranges
                0x0000000000000848       0x20 CMakeFiles/USBTest_default_default_XC32_compile.dir/D_/MV_PIC32CZ_Git/TestProjects/My_MCC_Config/src/main.c.o
 .debug_aranges
                0x0000000000000868      0x1a0 CMakeFiles/USBTest_default_default_XC32_compile.dir/D_/MV_PIC32CZ_Git/TestProjects/My_MCC_Config/src/third_party/rtos/FreeRTOS/Source/FreeRTOS_tasks.c.o
 .debug_aranges
                0x0000000000000a08       0x40 CMakeFiles/USBTest_default_default_XC32_compile.dir/D_/MV_PIC32CZ_Git/TestProjects/My_MCC_Config/src/third_party/rtos/FreeRTOS/Source/list.c.o
 .debug_aranges
                0x0000000000000a48       0x78 CMakeFiles/USBTest_default_default_XC32_compile.dir/D_/MV_PIC32CZ_Git/TestProjects/My_MCC_Config/src/third_party/rtos/FreeRTOS/Source/portable/GCC/SAM/CM7/port.c.o
 .debug_aranges
                0x0000000000000ac0       0x40 CMakeFiles/USBTest_default_default_XC32_compile.dir/D_/MV_PIC32CZ_Git/TestProjects/My_MCC_Config/src/third_party/rtos/FreeRTOS/Source/portable/MemMang/heap_1.c.o
 .debug_aranges
                0x0000000000000b00       0xd8 CMakeFiles/USBTest_default_default_XC32_compile.dir/D_/MV_PIC32CZ_Git/TestProjects/My_MCC_Config/src/third_party/rtos/FreeRTOS/Source/queue.c.o
 .debug_aranges
                0x0000000000000bd8       0x30 c:/progra~1/microc~1/xc32/v4.60/bin/bin/../../lib/gcc/pic32c/8.3.1/../../../../pic32c/lib/thumb/v7e-m+dp/hard\libpic32c.a(data_init.o)
 .debug_aranges
                0x0000000000000c08       0x20 c:/progra~1/microc~1/xc32/v4.60/bin/bin/../../lib/gcc/pic32c/8.3.1/../../../../pic32c/lib/thumb/v7e-m+dp/hard\libc-size-musl.a(memcpy.o)
 .debug_aranges
                0x0000000000000c28       0x20 c:/progra~1/microc~1/xc32/v4.60/bin/bin/../../lib/gcc/pic32c/8.3.1/../../../../pic32c/lib/thumb/v7e-m+dp/hard\libc-size-musl.a(memset.o)
 .debug_aranges
                0x0000000000000c48       0x28 c:/progra~1/microc~1/xc32/v4.60/bin/bin/../../lib/gcc/pic32c/8.3.1/../../../../pic32c/lib/thumb/v7e-m+dp/hard\libg-musl.a(__libc_start_main.o)
 .debug_aranges
                0x0000000000000c70       0x18 c:/progra~1/microc~1/xc32/v4.60/bin/bin/../../lib/gcc/pic32c/8.3.1/../../../../pic32c/lib/thumb/v7e-m+dp/hard\libg-musl.a(libc.o)
 .debug_aranges
                0x0000000000000c88       0x18 c:/progra~1/microc~1/xc32/v4.60/bin/bin/../../lib/gcc/pic32c/8.3.1/../../../../pic32c/lib/thumb/v7e-m+dp/hard\libg-musl.a(__environ.o)
 .debug_aranges
                0x0000000000000ca0       0x20 c:/progra~1/microc~1/xc32/v4.60/bin/bin/../../lib/gcc/pic32c/8.3.1/../../../../pic32c/lib/thumb/v7e-m+dp/hard\libpic32c.a(pic32_data_init_clear.o)
 .debug_aranges
                0x0000000000000cc0       0x20 c:/progra~1/microc~1/xc32/v4.60/bin/bin/../../lib/gcc/pic32c/8.3.1/../../../../pic32c/lib/thumb/v7e-m+dp/hard\libpic32c.a(pic32_data_init_copy.o)

.debug_ranges   0x0000000000000000     0x1848
 .debug_ranges  0x0000000000000000       0x20 CMakeFiles/USBTest_default_default_XC32_compile.dir/D_/MV_PIC32CZ_Git/TestProjects/My_MCC_Config/src/app.c.o
 .debug_ranges  0x0000000000000020       0x98 CMakeFiles/USBTest_default_default_XC32_compile.dir/D_/MV_PIC32CZ_Git/TestProjects/My_MCC_Config/src/config/default/driver/usb/usbhs/src/drv_usbhs.c.o
 .debug_ranges  0x00000000000000b8      0xa60 CMakeFiles/USBTest_default_default_XC32_compile.dir/D_/MV_PIC32CZ_Git/TestProjects/My_MCC_Config/src/config/default/driver/usb/usbhs/src/drv_usbhs_device.c.o
 .debug_ranges  0x0000000000000b18       0x38 CMakeFiles/USBTest_default_default_XC32_compile.dir/D_/MV_PIC32CZ_Git/TestProjects/My_MCC_Config/src/config/default/exceptions.c.o
 .debug_ranges  0x0000000000000b50       0x30 CMakeFiles/USBTest_default_default_XC32_compile.dir/D_/MV_PIC32CZ_Git/TestProjects/My_MCC_Config/src/config/default/freertos_hooks.c.o
 .debug_ranges  0x0000000000000b80       0x10 CMakeFiles/USBTest_default_default_XC32_compile.dir/D_/MV_PIC32CZ_Git/TestProjects/My_MCC_Config/src/config/default/initialization.c.o
 .debug_ranges  0x0000000000000b90       0x10 CMakeFiles/USBTest_default_default_XC32_compile.dir/D_/MV_PIC32CZ_Git/TestProjects/My_MCC_Config/src/config/default/interrupts.c.o
 .debug_ranges  0x0000000000000ba0       0x80 CMakeFiles/USBTest_default_default_XC32_compile.dir/D_/MV_PIC32CZ_Git/TestProjects/My_MCC_Config/src/config/default/osal/osal_freertos.c.o
 .debug_ranges  0x0000000000000c20       0x10 CMakeFiles/USBTest_default_default_XC32_compile.dir/D_/MV_PIC32CZ_Git/TestProjects/My_MCC_Config/src/config/default/peripheral/clock/plib_clock.c.o
 .debug_ranges  0x0000000000000c30       0x10 CMakeFiles/USBTest_default_default_XC32_compile.dir/D_/MV_PIC32CZ_Git/TestProjects/My_MCC_Config/src/config/default/peripheral/evsys/plib_evsys.c.o
 .debug_ranges  0x0000000000000c40       0x50 CMakeFiles/USBTest_default_default_XC32_compile.dir/D_/MV_PIC32CZ_Git/TestProjects/My_MCC_Config/src/config/default/peripheral/nvic/plib_nvic.c.o
 .debug_ranges  0x0000000000000c90       0x60 CMakeFiles/USBTest_default_default_XC32_compile.dir/D_/MV_PIC32CZ_Git/TestProjects/My_MCC_Config/src/config/default/peripheral/port/plib_port.c.o
 .debug_ranges  0x0000000000000cf0       0x90 CMakeFiles/USBTest_default_default_XC32_compile.dir/D_/MV_PIC32CZ_Git/TestProjects/My_MCC_Config/src/config/default/peripheral/rtc/plib_rtc_timer.c.o
 .debug_ranges  0x0000000000000d80       0x18 CMakeFiles/USBTest_default_default_XC32_compile.dir/D_/MV_PIC32CZ_Git/TestProjects/My_MCC_Config/src/config/default/startup_xc32.c.o
 .debug_ranges  0x0000000000000d98       0x48 CMakeFiles/USBTest_default_default_XC32_compile.dir/D_/MV_PIC32CZ_Git/TestProjects/My_MCC_Config/src/config/default/system/int/src/sys_int.c.o
 .debug_ranges  0x0000000000000de0      0x128 CMakeFiles/USBTest_default_default_XC32_compile.dir/D_/MV_PIC32CZ_Git/TestProjects/My_MCC_Config/src/config/default/system/time/src/sys_time.c.o
 .debug_ranges  0x0000000000000f08       0x28 CMakeFiles/USBTest_default_default_XC32_compile.dir/D_/MV_PIC32CZ_Git/TestProjects/My_MCC_Config/src/config/default/tasks.c.o
 .debug_ranges  0x0000000000000f30      0x190 CMakeFiles/USBTest_default_default_XC32_compile.dir/D_/MV_PIC32CZ_Git/TestProjects/My_MCC_Config/src/config/default/usb/src/usb_device.c.o
 .debug_ranges  0x00000000000010c0       0x40 CMakeFiles/USBTest_default_default_XC32_compile.dir/D_/MV_PIC32CZ_Git/TestProjects/My_MCC_Config/src/config/default/usb/src/usb_device_endpoint_functions.c.o
 .debug_ranges  0x0000000000001100       0x10 CMakeFiles/USBTest_default_default_XC32_compile.dir/D_/MV_PIC32CZ_Git/TestProjects/My_MCC_Config/src/main.c.o
 .debug_ranges  0x0000000000001110      0x430 CMakeFiles/USBTest_default_default_XC32_compile.dir/D_/MV_PIC32CZ_Git/TestProjects/My_MCC_Config/src/third_party/rtos/FreeRTOS/Source/FreeRTOS_tasks.c.o
 .debug_ranges  0x0000000000001540       0x30 CMakeFiles/USBTest_default_default_XC32_compile.dir/D_/MV_PIC32CZ_Git/TestProjects/My_MCC_Config/src/third_party/rtos/FreeRTOS/Source/list.c.o
 .debug_ranges  0x0000000000001570       0x68 CMakeFiles/USBTest_default_default_XC32_compile.dir/D_/MV_PIC32CZ_Git/TestProjects/My_MCC_Config/src/third_party/rtos/FreeRTOS/Source/portable/GCC/SAM/CM7/port.c.o
 .debug_ranges  0x00000000000015d8       0x48 CMakeFiles/USBTest_default_default_XC32_compile.dir/D_/MV_PIC32CZ_Git/TestProjects/My_MCC_Config/src/third_party/rtos/FreeRTOS/Source/portable/MemMang/heap_1.c.o
 .debug_ranges  0x0000000000001620      0x188 CMakeFiles/USBTest_default_default_XC32_compile.dir/D_/MV_PIC32CZ_Git/TestProjects/My_MCC_Config/src/third_party/rtos/FreeRTOS/Source/queue.c.o
 .debug_ranges  0x00000000000017a8       0x20 c:/progra~1/microc~1/xc32/v4.60/bin/bin/../../lib/gcc/pic32c/8.3.1/../../../../pic32c/lib/thumb/v7e-m+dp/hard\libpic32c.a(data_init.o)
 .debug_ranges  0x00000000000017c8       0x10 c:/progra~1/microc~1/xc32/v4.60/bin/bin/../../lib/gcc/pic32c/8.3.1/../../../../pic32c/lib/thumb/v7e-m+dp/hard\libc-size-musl.a(memcpy.o)
 .debug_ranges  0x00000000000017d8       0x10 c:/progra~1/microc~1/xc32/v4.60/bin/bin/../../lib/gcc/pic32c/8.3.1/../../../../pic32c/lib/thumb/v7e-m+dp/hard\libc-size-musl.a(memset.o)
 .debug_ranges  0x00000000000017e8       0x40 c:/progra~1/microc~1/xc32/v4.60/bin/bin/../../lib/gcc/pic32c/8.3.1/../../../../pic32c/lib/thumb/v7e-m+dp/hard\libg-musl.a(__libc_start_main.o)
 .debug_ranges  0x0000000000001828       0x10 c:/progra~1/microc~1/xc32/v4.60/bin/bin/../../lib/gcc/pic32c/8.3.1/../../../../pic32c/lib/thumb/v7e-m+dp/hard\libpic32c.a(pic32_data_init_clear.o)
 .debug_ranges  0x0000000000001838       0x10 c:/progra~1/microc~1/xc32/v4.60/bin/bin/../../lib/gcc/pic32c/8.3.1/../../../../pic32c/lib/thumb/v7e-m+dp/hard\libpic32c.a(pic32_data_init_copy.o)

.debug_line     0x0000000000000000     0xee64
 .debug_line    0x0000000000000000      0x428 CMakeFiles/USBTest_default_default_XC32_compile.dir/D_/MV_PIC32CZ_Git/TestProjects/My_MCC_Config/src/app.c.o
 .debug_line    0x0000000000000428      0xf08 CMakeFiles/USBTest_default_default_XC32_compile.dir/D_/MV_PIC32CZ_Git/TestProjects/My_MCC_Config/src/config/default/driver/usb/usbhs/src/drv_usbhs.c.o
 .debug_line    0x0000000000001330     0x3ad0 CMakeFiles/USBTest_default_default_XC32_compile.dir/D_/MV_PIC32CZ_Git/TestProjects/My_MCC_Config/src/config/default/driver/usb/usbhs/src/drv_usbhs_device.c.o
 .debug_line    0x0000000000004e00       0xf7 CMakeFiles/USBTest_default_default_XC32_compile.dir/D_/MV_PIC32CZ_Git/TestProjects/My_MCC_Config/src/config/default/exceptions.c.o
 .debug_line    0x0000000000004ef7      0x24e CMakeFiles/USBTest_default_default_XC32_compile.dir/D_/MV_PIC32CZ_Git/TestProjects/My_MCC_Config/src/config/default/freertos_hooks.c.o
 .debug_line    0x0000000000005145      0x658 CMakeFiles/USBTest_default_default_XC32_compile.dir/D_/MV_PIC32CZ_Git/TestProjects/My_MCC_Config/src/config/default/initialization.c.o
 .debug_line    0x000000000000579d      0x18b CMakeFiles/USBTest_default_default_XC32_compile.dir/D_/MV_PIC32CZ_Git/TestProjects/My_MCC_Config/src/config/default/interrupts.c.o
 .debug_line    0x0000000000005928      0x511 CMakeFiles/USBTest_default_default_XC32_compile.dir/D_/MV_PIC32CZ_Git/TestProjects/My_MCC_Config/src/config/default/osal/osal_freertos.c.o
 .debug_line    0x0000000000005e39      0x25f CMakeFiles/USBTest_default_default_XC32_compile.dir/D_/MV_PIC32CZ_Git/TestProjects/My_MCC_Config/src/config/default/peripheral/clock/plib_clock.c.o
 .debug_line    0x0000000000006098       0x90 CMakeFiles/USBTest_default_default_XC32_compile.dir/D_/MV_PIC32CZ_Git/TestProjects/My_MCC_Config/src/config/default/peripheral/evsys/plib_evsys.c.o
 .debug_line    0x0000000000006128      0x554 CMakeFiles/USBTest_default_default_XC32_compile.dir/D_/MV_PIC32CZ_Git/TestProjects/My_MCC_Config/src/config/default/peripheral/nvic/plib_nvic.c.o
 .debug_line    0x000000000000667c      0x31d CMakeFiles/USBTest_default_default_XC32_compile.dir/D_/MV_PIC32CZ_Git/TestProjects/My_MCC_Config/src/config/default/peripheral/port/plib_port.c.o
 .debug_line    0x0000000000006999      0x44e CMakeFiles/USBTest_default_default_XC32_compile.dir/D_/MV_PIC32CZ_Git/TestProjects/My_MCC_Config/src/config/default/peripheral/rtc/plib_rtc_timer.c.o
 .debug_line    0x0000000000006de7      0x3ed CMakeFiles/USBTest_default_default_XC32_compile.dir/D_/MV_PIC32CZ_Git/TestProjects/My_MCC_Config/src/config/default/startup_xc32.c.o
 .debug_line    0x00000000000071d4      0x39e CMakeFiles/USBTest_default_default_XC32_compile.dir/D_/MV_PIC32CZ_Git/TestProjects/My_MCC_Config/src/config/default/system/int/src/sys_int.c.o
 .debug_line    0x0000000000007572      0xfbd CMakeFiles/USBTest_default_default_XC32_compile.dir/D_/MV_PIC32CZ_Git/TestProjects/My_MCC_Config/src/config/default/system/time/src/sys_time.c.o
 .debug_line    0x000000000000852f      0x3f8 CMakeFiles/USBTest_default_default_XC32_compile.dir/D_/MV_PIC32CZ_Git/TestProjects/My_MCC_Config/src/config/default/tasks.c.o
 .debug_line    0x0000000000008927     0x1ac6 CMakeFiles/USBTest_default_default_XC32_compile.dir/D_/MV_PIC32CZ_Git/TestProjects/My_MCC_Config/src/config/default/usb/src/usb_device.c.o
 .debug_line    0x000000000000a3ed      0x813 CMakeFiles/USBTest_default_default_XC32_compile.dir/D_/MV_PIC32CZ_Git/TestProjects/My_MCC_Config/src/config/default/usb/src/usb_device_endpoint_functions.c.o
 .debug_line    0x000000000000ac00      0x372 CMakeFiles/USBTest_default_default_XC32_compile.dir/D_/MV_PIC32CZ_Git/TestProjects/My_MCC_Config/src/config/default/usb_device_init_data_0.c.o
 .debug_line    0x000000000000af72       0xc1 CMakeFiles/USBTest_default_default_XC32_compile.dir/D_/MV_PIC32CZ_Git/TestProjects/My_MCC_Config/src/main.c.o
 .debug_line    0x000000000000b033     0x1d62 CMakeFiles/USBTest_default_default_XC32_compile.dir/D_/MV_PIC32CZ_Git/TestProjects/My_MCC_Config/src/third_party/rtos/FreeRTOS/Source/FreeRTOS_tasks.c.o
 .debug_line    0x000000000000cd95      0x37a CMakeFiles/USBTest_default_default_XC32_compile.dir/D_/MV_PIC32CZ_Git/TestProjects/My_MCC_Config/src/third_party/rtos/FreeRTOS/Source/list.c.o
 .debug_line    0x000000000000d10f      0x3b6 CMakeFiles/USBTest_default_default_XC32_compile.dir/D_/MV_PIC32CZ_Git/TestProjects/My_MCC_Config/src/third_party/rtos/FreeRTOS/Source/portable/GCC/SAM/CM7/port.c.o
 .debug_line    0x000000000000d4c5      0x29e CMakeFiles/USBTest_default_default_XC32_compile.dir/D_/MV_PIC32CZ_Git/TestProjects/My_MCC_Config/src/third_party/rtos/FreeRTOS/Source/portable/MemMang/heap_1.c.o
 .debug_line    0x000000000000d763     0x101b CMakeFiles/USBTest_default_default_XC32_compile.dir/D_/MV_PIC32CZ_Git/TestProjects/My_MCC_Config/src/third_party/rtos/FreeRTOS/Source/queue.c.o
 .debug_line    0x000000000000e77e       0xa7 c:/progra~1/microc~1/xc32/v4.60/bin/bin/../../lib/gcc/pic32c/8.3.1/../../../../pic32c/lib/thumb/v7e-m+dp/hard\libpic32c.a(data_init.o)
 .debug_line    0x000000000000e825       0xf9 c:/progra~1/microc~1/xc32/v4.60/bin/bin/../../lib/gcc/pic32c/8.3.1/../../../../pic32c/lib/thumb/v7e-m+dp/hard\libc-size-musl.a(memcpy.o)
 .debug_line    0x000000000000e91e       0xe3 c:/progra~1/microc~1/xc32/v4.60/bin/bin/../../lib/gcc/pic32c/8.3.1/../../../../pic32c/lib/thumb/v7e-m+dp/hard\libc-size-musl.a(memset.o)
 .debug_line    0x000000000000ea01      0x1c7 c:/progra~1/microc~1/xc32/v4.60/bin/bin/../../lib/gcc/pic32c/8.3.1/../../../../pic32c/lib/thumb/v7e-m+dp/hard\libg-musl.a(__libc_start_main.o)
 .debug_line    0x000000000000ebc8       0xb5 c:/progra~1/microc~1/xc32/v4.60/bin/bin/../../lib/gcc/pic32c/8.3.1/../../../../pic32c/lib/thumb/v7e-m+dp/hard\libg-musl.a(libc.o)
 .debug_line    0x000000000000ec7d       0xfb c:/progra~1/microc~1/xc32/v4.60/bin/bin/../../lib/gcc/pic32c/8.3.1/../../../../pic32c/lib/thumb/v7e-m+dp/hard\libg-musl.a(__environ.o)
 .debug_line    0x000000000000ed78       0x72 c:/progra~1/microc~1/xc32/v4.60/bin/bin/../../lib/gcc/pic32c/8.3.1/../../../../pic32c/lib/thumb/v7e-m+dp/hard\libpic32c.a(pic32_data_init_clear.o)
 .debug_line    0x000000000000edea       0x7a c:/progra~1/microc~1/xc32/v4.60/bin/bin/../../lib/gcc/pic32c/8.3.1/../../../../pic32c/lib/thumb/v7e-m+dp/hard\libpic32c.a(pic32_data_init_copy.o)

.debug_str      0x0000000000000000    0x20ffa
 .debug_str     0x0000000000000000     0x11f7 CMakeFiles/USBTest_default_default_XC32_compile.dir/D_/MV_PIC32CZ_Git/TestProjects/My_MCC_Config/src/app.c.o
 .debug_str     0x00000000000011f7     0x3b08 CMakeFiles/USBTest_default_default_XC32_compile.dir/D_/MV_PIC32CZ_Git/TestProjects/My_MCC_Config/src/config/default/driver/usb/usbhs/src/drv_usbhs.c.o
 .debug_str     0x0000000000004cff     0x4ee5 CMakeFiles/USBTest_default_default_XC32_compile.dir/D_/MV_PIC32CZ_Git/TestProjects/My_MCC_Config/src/config/default/driver/usb/usbhs/src/drv_usbhs_device.c.o
 .debug_str     0x0000000000009be4      0x350 CMakeFiles/USBTest_default_default_XC32_compile.dir/D_/MV_PIC32CZ_Git/TestProjects/My_MCC_Config/src/config/default/exceptions.c.o
 .debug_str     0x0000000000009f34      0x3d3 CMakeFiles/USBTest_default_default_XC32_compile.dir/D_/MV_PIC32CZ_Git/TestProjects/My_MCC_Config/src/config/default/freertos_hooks.c.o
 .debug_str     0x000000000000a307     0x1f05 CMakeFiles/USBTest_default_default_XC32_compile.dir/D_/MV_PIC32CZ_Git/TestProjects/My_MCC_Config/src/config/default/initialization.c.o
 .debug_str     0x000000000000c20c     0x1bde CMakeFiles/USBTest_default_default_XC32_compile.dir/D_/MV_PIC32CZ_Git/TestProjects/My_MCC_Config/src/config/default/interrupts.c.o
 .debug_str     0x000000000000ddea      0x6dc CMakeFiles/USBTest_default_default_XC32_compile.dir/D_/MV_PIC32CZ_Git/TestProjects/My_MCC_Config/src/config/default/osal/osal_freertos.c.o
 .debug_str     0x000000000000e4c6      0x741 CMakeFiles/USBTest_default_default_XC32_compile.dir/D_/MV_PIC32CZ_Git/TestProjects/My_MCC_Config/src/config/default/peripheral/clock/plib_clock.c.o
 .debug_str     0x000000000000ec07      0x2f1 CMakeFiles/USBTest_default_default_XC32_compile.dir/D_/MV_PIC32CZ_Git/TestProjects/My_MCC_Config/src/config/default/peripheral/evsys/plib_evsys.c.o
 .debug_str     0x000000000000eef8     0x138d CMakeFiles/USBTest_default_default_XC32_compile.dir/D_/MV_PIC32CZ_Git/TestProjects/My_MCC_Config/src/config/default/peripheral/nvic/plib_nvic.c.o
 .debug_str     0x0000000000010285      0xecf CMakeFiles/USBTest_default_default_XC32_compile.dir/D_/MV_PIC32CZ_Git/TestProjects/My_MCC_Config/src/config/default/peripheral/port/plib_port.c.o
 .debug_str     0x0000000000011154      0x6ce CMakeFiles/USBTest_default_default_XC32_compile.dir/D_/MV_PIC32CZ_Git/TestProjects/My_MCC_Config/src/config/default/peripheral/rtc/plib_rtc_timer.c.o
 .debug_str     0x0000000000011822      0x526 CMakeFiles/USBTest_default_default_XC32_compile.dir/D_/MV_PIC32CZ_Git/TestProjects/My_MCC_Config/src/config/default/startup_xc32.c.o
 .debug_str     0x0000000000011d48     0x11f3 CMakeFiles/USBTest_default_default_XC32_compile.dir/D_/MV_PIC32CZ_Git/TestProjects/My_MCC_Config/src/config/default/system/int/src/sys_int.c.o
 .debug_str     0x0000000000012f3b     0x19c5 CMakeFiles/USBTest_default_default_XC32_compile.dir/D_/MV_PIC32CZ_Git/TestProjects/My_MCC_Config/src/config/default/system/time/src/sys_time.c.o
 .debug_str     0x0000000000014900      0x984 CMakeFiles/USBTest_default_default_XC32_compile.dir/D_/MV_PIC32CZ_Git/TestProjects/My_MCC_Config/src/config/default/tasks.c.o
 .debug_str     0x0000000000015284     0x3aca CMakeFiles/USBTest_default_default_XC32_compile.dir/D_/MV_PIC32CZ_Git/TestProjects/My_MCC_Config/src/config/default/usb/src/usb_device.c.o
 .debug_str     0x0000000000018d4e     0x20c9 CMakeFiles/USBTest_default_default_XC32_compile.dir/D_/MV_PIC32CZ_Git/TestProjects/My_MCC_Config/src/config/default/usb/src/usb_device_endpoint_functions.c.o
 .debug_str     0x000000000001ae17     0x21d8 CMakeFiles/USBTest_default_default_XC32_compile.dir/D_/MV_PIC32CZ_Git/TestProjects/My_MCC_Config/src/config/default/usb_device_init_data_0.c.o
 .debug_str     0x000000000001cfef      0x2de CMakeFiles/USBTest_default_default_XC32_compile.dir/D_/MV_PIC32CZ_Git/TestProjects/My_MCC_Config/src/main.c.o
 .debug_str     0x000000000001d2cd     0x11c7 CMakeFiles/USBTest_default_default_XC32_compile.dir/D_/MV_PIC32CZ_Git/TestProjects/My_MCC_Config/src/third_party/rtos/FreeRTOS/Source/FreeRTOS_tasks.c.o
 .debug_str     0x000000000001e494      0x41e CMakeFiles/USBTest_default_default_XC32_compile.dir/D_/MV_PIC32CZ_Git/TestProjects/My_MCC_Config/src/third_party/rtos/FreeRTOS/Source/list.c.o
 .debug_str     0x000000000001e8b2      0x4bc CMakeFiles/USBTest_default_default_XC32_compile.dir/D_/MV_PIC32CZ_Git/TestProjects/My_MCC_Config/src/third_party/rtos/FreeRTOS/Source/portable/GCC/SAM/CM7/port.c.o
 .debug_str     0x000000000001ed6e      0x3e9 CMakeFiles/USBTest_default_default_XC32_compile.dir/D_/MV_PIC32CZ_Git/TestProjects/My_MCC_Config/src/third_party/rtos/FreeRTOS/Source/portable/MemMang/heap_1.c.o
 .debug_str     0x000000000001f157      0xb15 CMakeFiles/USBTest_default_default_XC32_compile.dir/D_/MV_PIC32CZ_Git/TestProjects/My_MCC_Config/src/third_party/rtos/FreeRTOS/Source/queue.c.o
 .debug_str     0x000000000001fc6c      0x20c c:/progra~1/microc~1/xc32/v4.60/bin/bin/../../lib/gcc/pic32c/8.3.1/../../../../pic32c/lib/thumb/v7e-m+dp/hard\libpic32c.a(data_init.o)
 .debug_str     0x000000000001fe78      0x235 c:/progra~1/microc~1/xc32/v4.60/bin/bin/../../lib/gcc/pic32c/8.3.1/../../../../pic32c/lib/thumb/v7e-m+dp/hard\libc-size-musl.a(memcpy.o)
 .debug_str     0x00000000000200ad      0x221 c:/progra~1/microc~1/xc32/v4.60/bin/bin/../../lib/gcc/pic32c/8.3.1/../../../../pic32c/lib/thumb/v7e-m+dp/hard\libc-size-musl.a(memset.o)
 .debug_str     0x00000000000202ce      0x3da c:/progra~1/microc~1/xc32/v4.60/bin/bin/../../lib/gcc/pic32c/8.3.1/../../../../pic32c/lib/thumb/v7e-m+dp/hard\libg-musl.a(__libc_start_main.o)
 .debug_str     0x00000000000206a8      0x345 c:/progra~1/microc~1/xc32/v4.60/bin/bin/../../lib/gcc/pic32c/8.3.1/../../../../pic32c/lib/thumb/v7e-m+dp/hard\libg-musl.a(libc.o)
 .debug_str     0x00000000000209ed      0x245 c:/progra~1/microc~1/xc32/v4.60/bin/bin/../../lib/gcc/pic32c/8.3.1/../../../../pic32c/lib/thumb/v7e-m+dp/hard\libg-musl.a(__environ.o)
 .debug_str     0x0000000000020c32      0x1e5 c:/progra~1/microc~1/xc32/v4.60/bin/bin/../../lib/gcc/pic32c/8.3.1/../../../../pic32c/lib/thumb/v7e-m+dp/hard\libpic32c.a(pic32_data_init_clear.o)
 .debug_str     0x0000000000020e17      0x1e3 c:/progra~1/microc~1/xc32/v4.60/bin/bin/../../lib/gcc/pic32c/8.3.1/../../../../pic32c/lib/thumb/v7e-m+dp/hard\libpic32c.a(pic32_data_init_copy.o)

.debug_frame    0x0000000000000000     0x20c8
 .debug_frame   0x0000000000000000       0x58 CMakeFiles/USBTest_default_default_XC32_compile.dir/D_/MV_PIC32CZ_Git/TestProjects/My_MCC_Config/src/app.c.o
 .debug_frame   0x0000000000000058      0x140 CMakeFiles/USBTest_default_default_XC32_compile.dir/D_/MV_PIC32CZ_Git/TestProjects/My_MCC_Config/src/config/default/driver/usb/usbhs/src/drv_usbhs.c.o
 .debug_frame   0x0000000000000198      0x42c CMakeFiles/USBTest_default_default_XC32_compile.dir/D_/MV_PIC32CZ_Git/TestProjects/My_MCC_Config/src/config/default/driver/usb/usbhs/src/drv_usbhs_device.c.o
 .debug_frame   0x00000000000005c4       0x70 CMakeFiles/USBTest_default_default_XC32_compile.dir/D_/MV_PIC32CZ_Git/TestProjects/My_MCC_Config/src/config/default/exceptions.c.o
 .debug_frame   0x0000000000000634       0x6c CMakeFiles/USBTest_default_default_XC32_compile.dir/D_/MV_PIC32CZ_Git/TestProjects/My_MCC_Config/src/config/default/freertos_hooks.c.o
 .debug_frame   0x00000000000006a0       0x28 CMakeFiles/USBTest_default_default_XC32_compile.dir/D_/MV_PIC32CZ_Git/TestProjects/My_MCC_Config/src/config/default/initialization.c.o
 .debug_frame   0x00000000000006c8       0x20 CMakeFiles/USBTest_default_default_XC32_compile.dir/D_/MV_PIC32CZ_Git/TestProjects/My_MCC_Config/src/config/default/interrupts.c.o
 .debug_frame   0x00000000000006e8      0x18c CMakeFiles/USBTest_default_default_XC32_compile.dir/D_/MV_PIC32CZ_Git/TestProjects/My_MCC_Config/src/config/default/osal/osal_freertos.c.o
 .debug_frame   0x0000000000000874       0x20 CMakeFiles/USBTest_default_default_XC32_compile.dir/D_/MV_PIC32CZ_Git/TestProjects/My_MCC_Config/src/config/default/peripheral/clock/plib_clock.c.o
 .debug_frame   0x0000000000000894       0x20 CMakeFiles/USBTest_default_default_XC32_compile.dir/D_/MV_PIC32CZ_Git/TestProjects/My_MCC_Config/src/config/default/peripheral/evsys/plib_evsys.c.o
 .debug_frame   0x00000000000008b4       0x7c CMakeFiles/USBTest_default_default_XC32_compile.dir/D_/MV_PIC32CZ_Git/TestProjects/My_MCC_Config/src/config/default/peripheral/nvic/plib_nvic.c.o
 .debug_frame   0x0000000000000930       0xdc CMakeFiles/USBTest_default_default_XC32_compile.dir/D_/MV_PIC32CZ_Git/TestProjects/My_MCC_Config/src/config/default/peripheral/port/plib_port.c.o
 .debug_frame   0x0000000000000a0c      0x128 CMakeFiles/USBTest_default_default_XC32_compile.dir/D_/MV_PIC32CZ_Git/TestProjects/My_MCC_Config/src/config/default/peripheral/rtc/plib_rtc_timer.c.o
 .debug_frame   0x0000000000000b34       0x38 CMakeFiles/USBTest_default_default_XC32_compile.dir/D_/MV_PIC32CZ_Git/TestProjects/My_MCC_Config/src/config/default/startup_xc32.c.o
 .debug_frame   0x0000000000000b6c       0x84 CMakeFiles/USBTest_default_default_XC32_compile.dir/D_/MV_PIC32CZ_Git/TestProjects/My_MCC_Config/src/config/default/system/int/src/sys_int.c.o
 .debug_frame   0x0000000000000bf0      0x36c CMakeFiles/USBTest_default_default_XC32_compile.dir/D_/MV_PIC32CZ_Git/TestProjects/My_MCC_Config/src/config/default/system/time/src/sys_time.c.o
 .debug_frame   0x0000000000000f5c       0x78 CMakeFiles/USBTest_default_default_XC32_compile.dir/D_/MV_PIC32CZ_Git/TestProjects/My_MCC_Config/src/config/default/tasks.c.o
 .debug_frame   0x0000000000000fd4      0x558 CMakeFiles/USBTest_default_default_XC32_compile.dir/D_/MV_PIC32CZ_Git/TestProjects/My_MCC_Config/src/config/default/usb/src/usb_device.c.o
 .debug_frame   0x000000000000152c       0xdc CMakeFiles/USBTest_default_default_XC32_compile.dir/D_/MV_PIC32CZ_Git/TestProjects/My_MCC_Config/src/config/default/usb/src/usb_device_endpoint_functions.c.o
 .debug_frame   0x0000000000001608       0x28 CMakeFiles/USBTest_default_default_XC32_compile.dir/D_/MV_PIC32CZ_Git/TestProjects/My_MCC_Config/src/main.c.o
 .debug_frame   0x0000000000001630      0x500 CMakeFiles/USBTest_default_default_XC32_compile.dir/D_/MV_PIC32CZ_Git/TestProjects/My_MCC_Config/src/third_party/rtos/FreeRTOS/Source/FreeRTOS_tasks.c.o
 .debug_frame   0x0000000000001b30       0x6c CMakeFiles/USBTest_default_default_XC32_compile.dir/D_/MV_PIC32CZ_Git/TestProjects/My_MCC_Config/src/third_party/rtos/FreeRTOS/Source/list.c.o
 .debug_frame   0x0000000000001b9c       0xe8 CMakeFiles/USBTest_default_default_XC32_compile.dir/D_/MV_PIC32CZ_Git/TestProjects/My_MCC_Config/src/third_party/rtos/FreeRTOS/Source/portable/GCC/SAM/CM7/port.c.o
 .debug_frame   0x0000000000001c84       0x6c CMakeFiles/USBTest_default_default_XC32_compile.dir/D_/MV_PIC32CZ_Git/TestProjects/My_MCC_Config/src/third_party/rtos/FreeRTOS/Source/portable/MemMang/heap_1.c.o
 .debug_frame   0x0000000000001cf0      0x2bc CMakeFiles/USBTest_default_default_XC32_compile.dir/D_/MV_PIC32CZ_Git/TestProjects/My_MCC_Config/src/third_party/rtos/FreeRTOS/Source/queue.c.o
 .debug_frame   0x0000000000001fac       0x4c c:/progra~1/microc~1/xc32/v4.60/bin/bin/../../lib/gcc/pic32c/8.3.1/../../../../pic32c/lib/thumb/v7e-m+dp/hard\libpic32c.a(data_init.o)
 .debug_frame   0x0000000000001ff8       0x2c c:/progra~1/microc~1/xc32/v4.60/bin/bin/../../lib/gcc/pic32c/8.3.1/../../../../pic32c/lib/thumb/v7e-m+dp/hard\libc-size-musl.a(memcpy.o)
 .debug_frame   0x0000000000002024       0x20 c:/progra~1/microc~1/xc32/v4.60/bin/bin/../../lib/gcc/pic32c/8.3.1/../../../../pic32c/lib/thumb/v7e-m+dp/hard\libc-size-musl.a(memset.o)
 .debug_frame   0x0000000000002044       0x3c c:/progra~1/microc~1/xc32/v4.60/bin/bin/../../lib/gcc/pic32c/8.3.1/../../../../pic32c/lib/thumb/v7e-m+dp/hard\libg-musl.a(__libc_start_main.o)
 .debug_frame   0x0000000000002080       0x20 c:/progra~1/microc~1/xc32/v4.60/bin/bin/../../lib/gcc/pic32c/8.3.1/../../../../pic32c/lib/thumb/v7e-m+dp/hard\libpic32c.a(pic32_data_init_clear.o)
 .debug_frame   0x00000000000020a0       0x28 c:/progra~1/microc~1/xc32/v4.60/bin/bin/../../lib/gcc/pic32c/8.3.1/../../../../pic32c/lib/thumb/v7e-m+dp/hard\libpic32c.a(pic32_data_init_copy.o)

.note.GNU-stack
                0x0000000000000000        0x0
 .note.GNU-stack
                0x0000000000000000        0x0 c:/progra~1/microc~1/xc32/v4.60/bin/bin/../../lib/gcc/pic32c/8.3.1/../../../../pic32c/lib/thumb/v7e-m+dp/hard\libc-size-musl.a(memcpy.o)
 .note.GNU-stack
                0x0000000000000000        0x0 c:/progra~1/microc~1/xc32/v4.60/bin/bin/../../lib/gcc/pic32c/8.3.1/../../../../pic32c/lib/thumb/v7e-m+dp/hard\libc-size-musl.a(memset.o)
 .note.GNU-stack
                0x0000000000000000        0x0 c:/progra~1/microc~1/xc32/v4.60/bin/bin/../../lib/gcc/pic32c/8.3.1/../../../../pic32c/lib/thumb/v7e-m+dp/hard\libg-musl.a(__libc_start_main.o)
 .note.GNU-stack
                0x0000000000000000        0x0 c:/progra~1/microc~1/xc32/v4.60/bin/bin/../../lib/gcc/pic32c/8.3.1/../../../../pic32c/lib/thumb/v7e-m+dp/hard\libg-musl.a(libc.o)
 .note.GNU-stack
                0x0000000000000000        0x0 c:/progra~1/microc~1/xc32/v4.60/bin/bin/../../lib/gcc/pic32c/8.3.1/../../../../pic32c/lib/thumb/v7e-m+dp/hard\libg-musl.a(__environ.o)

.stack          0x000000002002ac18      0x100
 .stack         0x000000002002ac18      0x100 stack

.bss.ucHeap%1   0x000000002002056c     0xa000
 .bss.ucHeap    0x000000002002056c     0xa000 CMakeFiles/USBTest_default_default_XC32_compile.dir/D_/MV_PIC32CZ_Git/TestProjects/My_MCC_Config/src/third_party/rtos/FreeRTOS/Source/portable/MemMang/heap_1.c.o

.bss.usbDeviceInstance%2
                0x000000002002a56c      0x15c
 .bss.usbDeviceInstance
                0x000000002002a56c      0x15c CMakeFiles/USBTest_default_default_XC32_compile.dir/D_/MV_PIC32CZ_Git/TestProjects/My_MCC_Config/src/config/default/usb/src/usb_device.c.o

.bss.timers%3   0x000000002002a6c8       0xa0
 .bss.timers    0x000000002002a6c8       0xa0 CMakeFiles/USBTest_default_default_XC32_compile.dir/D_/MV_PIC32CZ_Git/TestProjects/My_MCC_Config/src/config/default/system/time/src/sys_time.c.o

.bss.pxReadyTasksLists%4
                0x000000002002a768       0x64
 .bss.pxReadyTasksLists
                0x000000002002a768       0x64 CMakeFiles/USBTest_default_default_XC32_compile.dir/D_/MV_PIC32CZ_Git/TestProjects/My_MCC_Config/src/third_party/rtos/FreeRTOS/Source/FreeRTOS_tasks.c.o

.bss%5          0x000000002002a7cc       0x50
 .bss           0x000000002002a7cc       0x50 c:/progra~1/microc~1/xc32/v4.60/bin/bin/../../lib/gcc/pic32c/8.3.1/../../../../pic32c/lib/thumb/v7e-m+dp/hard\libg-musl.a(libc.o)
                0x000000002002a7cc                __progname_full
                0x000000002002a7cc                program_invocation_name
                0x000000002002a7d0                program_invocation_short_name
                0x000000002002a7d0                __progname
                0x000000002002a7d4                __sysinfo
                0x000000002002a7d8                __hwcap
                0x000000002002a7dc                __libc

.bss.gUSBDeviceEndpointIRP%6
                0x000000002002a81c       0x48
 .bss.gUSBDeviceEndpointIRP
                0x000000002002a81c       0x48 CMakeFiles/USBTest_default_default_XC32_compile.dir/D_/MV_PIC32CZ_Git/TestProjects/My_MCC_Config/src/config/default/usb/src/usb_device_endpoint_functions.c.o

.bss.gDrvUSBEndpoints%7
                0x000000002002a864       0x30
 .bss.gDrvUSBEndpoints
                0x000000002002a864       0x30 CMakeFiles/USBTest_default_default_XC32_compile.dir/D_/MV_PIC32CZ_Git/TestProjects/My_MCC_Config/src/config/default/driver/usb/usbhs/src/drv_usbhs.c.o

.bss.gSystemCounterObj%8
                0x000000002002a898       0x30
 .bss.gSystemCounterObj
                0x000000002002a898       0x30 CMakeFiles/USBTest_default_default_XC32_compile.dir/D_/MV_PIC32CZ_Git/TestProjects/My_MCC_Config/src/config/default/system/time/src/sys_time.c.o

.bss%9          0x000000002002a8c8       0x1c
 .bss           0x000000002002a8c8       0x1c c:/progra~1/microc~1/xc32/v4.60/bin/bin/../../lib/gcc/pic32c/8.3.1/thumb/v7e-m+dp/hard/crtbegin.o

.bss.xDelayedTaskList1%10
                0x000000002002a8e4       0x14
 .bss.xDelayedTaskList1
                0x000000002002a8e4       0x14 CMakeFiles/USBTest_default_default_XC32_compile.dir/D_/MV_PIC32CZ_Git/TestProjects/My_MCC_Config/src/third_party/rtos/FreeRTOS/Source/FreeRTOS_tasks.c.o

.bss.xDelayedTaskList2%11
                0x000000002002a8f8       0x14
 .bss.xDelayedTaskList2
                0x000000002002a8f8       0x14 CMakeFiles/USBTest_default_default_XC32_compile.dir/D_/MV_PIC32CZ_Git/TestProjects/My_MCC_Config/src/third_party/rtos/FreeRTOS/Source/FreeRTOS_tasks.c.o

.bss.xPendingReadyList%12
                0x000000002002a90c       0x14
 .bss.xPendingReadyList
                0x000000002002a90c       0x14 CMakeFiles/USBTest_default_default_XC32_compile.dir/D_/MV_PIC32CZ_Git/TestProjects/My_MCC_Config/src/third_party/rtos/FreeRTOS/Source/FreeRTOS_tasks.c.o

.bss.xSuspendedTaskList%13
                0x000000002002a920       0x14
 .bss.xSuspendedTaskList
                0x000000002002a920       0x14 CMakeFiles/USBTest_default_default_XC32_compile.dir/D_/MV_PIC32CZ_Git/TestProjects/My_MCC_Config/src/third_party/rtos/FreeRTOS/Source/FreeRTOS_tasks.c.o

.bss.xTasksWaitingTermination%14
                0x000000002002a934       0x14
 .bss.xTasksWaitingTermination
                0x000000002002a934       0x14 CMakeFiles/USBTest_default_default_XC32_compile.dir/D_/MV_PIC32CZ_Git/TestProjects/My_MCC_Config/src/third_party/rtos/FreeRTOS/Source/FreeRTOS_tasks.c.o

.bss.rtcObj%15  0x000000002002a948        0xc
 .bss.rtcObj    0x000000002002a948        0xc CMakeFiles/USBTest_default_default_XC32_compile.dir/D_/MV_PIC32CZ_Git/TestProjects/My_MCC_Config/src/config/default/peripheral/rtc/plib_rtc_timer.c.o

.bss.qSizeEndpoint%16
                0x000000002002a954        0x8
 .bss.qSizeEndpoint
                0x000000002002a954        0x8 CMakeFiles/USBTest_default_default_XC32_compile.dir/D_/MV_PIC32CZ_Git/TestProjects/My_MCC_Config/src/config/default/usb/src/usb_device_endpoint_functions.c.o

.bss.pxCurrentTCB%17
                0x000000002002a894        0x4
 .bss.pxCurrentTCB
                0x000000002002a894        0x4 CMakeFiles/USBTest_default_default_XC32_compile.dir/D_/MV_PIC32CZ_Git/TestProjects/My_MCC_Config/src/third_party/rtos/FreeRTOS/Source/FreeRTOS_tasks.c.o
                0x000000002002a894                pxCurrentTCB

.bss.pxDelayedTaskList%18
                0x000000002002a95c        0x4
 .bss.pxDelayedTaskList
                0x000000002002a95c        0x4 CMakeFiles/USBTest_default_default_XC32_compile.dir/D_/MV_PIC32CZ_Git/TestProjects/My_MCC_Config/src/third_party/rtos/FreeRTOS/Source/FreeRTOS_tasks.c.o

.bss.pxOverflowDelayedTaskList%19
                0x000000002002a960        0x4
 .bss.pxOverflowDelayedTaskList
                0x000000002002a960        0x4 CMakeFiles/USBTest_default_default_XC32_compile.dir/D_/MV_PIC32CZ_Git/TestProjects/My_MCC_Config/src/third_party/rtos/FreeRTOS/Source/FreeRTOS_tasks.c.o

.bss.uxCurrentNumberOfTasks%20
                0x000000002002a964        0x4
 .bss.uxCurrentNumberOfTasks
                0x000000002002a964        0x4 CMakeFiles/USBTest_default_default_XC32_compile.dir/D_/MV_PIC32CZ_Git/TestProjects/My_MCC_Config/src/third_party/rtos/FreeRTOS/Source/FreeRTOS_tasks.c.o

.bss.uxDeletedTasksWaitingCleanUp%21
                0x000000002002a968        0x4
 .bss.uxDeletedTasksWaitingCleanUp
                0x000000002002a968        0x4 CMakeFiles/USBTest_default_default_XC32_compile.dir/D_/MV_PIC32CZ_Git/TestProjects/My_MCC_Config/src/third_party/rtos/FreeRTOS/Source/FreeRTOS_tasks.c.o

.bss.uxSchedulerSuspended%22
                0x000000002002a96c        0x4
 .bss.uxSchedulerSuspended
                0x000000002002a96c        0x4 CMakeFiles/USBTest_default_default_XC32_compile.dir/D_/MV_PIC32CZ_Git/TestProjects/My_MCC_Config/src/third_party/rtos/FreeRTOS/Source/FreeRTOS_tasks.c.o

.bss.uxTaskNumber%23
                0x000000002002a970        0x4
 .bss.uxTaskNumber
                0x000000002002a970        0x4 CMakeFiles/USBTest_default_default_XC32_compile.dir/D_/MV_PIC32CZ_Git/TestProjects/My_MCC_Config/src/third_party/rtos/FreeRTOS/Source/FreeRTOS_tasks.c.o

.bss.uxTopReadyPriority%24
                0x000000002002a974        0x4
 .bss.uxTopReadyPriority
                0x000000002002a974        0x4 CMakeFiles/USBTest_default_default_XC32_compile.dir/D_/MV_PIC32CZ_Git/TestProjects/My_MCC_Config/src/third_party/rtos/FreeRTOS/Source/FreeRTOS_tasks.c.o

.bss.xIdleTaskHandles%25
                0x000000002002a978        0x4
 .bss.xIdleTaskHandles